/home/toshn/Documenti/uni/RedPropulsion/LoRaX/LoRaX/cmake/stm32cubemx/../../Drivers/STM32WLxx_HAL_Driver/Inc/stm32wlxx_ll_bus.h:449:22:LL_AHB2_GRP1_EnableClock	24	static
/home/toshn/Documenti/uni/RedPropulsion/LoRaX/LoRaX/Src/main.c:67:5:main	8	static
/home/toshn/Documenti/uni/RedPropulsion/LoRaX/LoRaX/Src/main.c:155:6:SystemClock_Config	112	static
/home/toshn/Documenti/uni/RedPropulsion/LoRaX/LoRaX/Src/main.c:198:13:MX_GPIO_Init	32	static
/home/toshn/Documenti/uni/RedPropulsion/LoRaX/LoRaX/Src/main.c:232:6:BSP_PB_Callback	16	static
/home/toshn/Documenti/uni/RedPropulsion/LoRaX/LoRaX/Src/main.c:257:6:Error_Handler	4	static
