Archive member included to satisfy reference by file (symbol)

/usr/lib/gcc/arm-none-eabi/16.2.0/thumb/v7e-m/nofp/libgcc.a(_aeabi_uldivmod.o)
                              cmake/stm32cubemx/CMakeFiles/STM32_Drivers.dir/__/__/Drivers/STM32WLxx_HAL_Driver/Src/stm32wlxx_hal_uart.c.obj (__aeabi_uldivmod)
/usr/lib/gcc/arm-none-eabi/16.2.0/thumb/v7e-m/nofp/libgcc.a(_udivmoddi4.o)
                              /usr/lib/gcc/arm-none-eabi/16.2.0/thumb/v7e-m/nofp/libgcc.a(_aeabi_uldivmod.o) (__udivmoddi4)
/usr/lib/gcc/arm-none-eabi/16.2.0/thumb/v7e-m/nofp/libgcc.a(_dvmd_tls.o)
                              /usr/lib/gcc/arm-none-eabi/16.2.0/thumb/v7e-m/nofp/libgcc.a(_aeabi_uldivmod.o) (__aeabi_ldiv0)
/usr/lib/gcc/arm-none-eabi/16.2.0/../../../../arm-none-eabi/lib/thumb/v7e-m/nofp/libg_nano.a(libc_a-atexit.o)
                              /usr/lib/gcc/arm-none-eabi/16.2.0/../../../../arm-none-eabi/lib/thumb/v7e-m/nofp/crt0.o (atexit)
/usr/lib/gcc/arm-none-eabi/16.2.0/../../../../arm-none-eabi/lib/thumb/v7e-m/nofp/libg_nano.a(libc_a-exit.o)
                              /usr/lib/gcc/arm-none-eabi/16.2.0/../../../../arm-none-eabi/lib/thumb/v7e-m/nofp/crt0.o (exit)
/usr/lib/gcc/arm-none-eabi/16.2.0/../../../../arm-none-eabi/lib/thumb/v7e-m/nofp/libg_nano.a(libc_a-findfp.o)
                              /usr/lib/gcc/arm-none-eabi/16.2.0/../../../../arm-none-eabi/lib/thumb/v7e-m/nofp/libg_nano.a(libc_a-exit.o) (__stdio_exit_handler)
/usr/lib/gcc/arm-none-eabi/16.2.0/../../../../arm-none-eabi/lib/thumb/v7e-m/nofp/libg_nano.a(libc_a-fwalk.o)
                              /usr/lib/gcc/arm-none-eabi/16.2.0/../../../../arm-none-eabi/lib/thumb/v7e-m/nofp/libg_nano.a(libc_a-findfp.o) (_fwalk_sglue)
/usr/lib/gcc/arm-none-eabi/16.2.0/../../../../arm-none-eabi/lib/thumb/v7e-m/nofp/libg_nano.a(libc_a-printf.o)
                              CMakeFiles/LoRaX.dir/Src/main.c.obj (printf)
/usr/lib/gcc/arm-none-eabi/16.2.0/../../../../arm-none-eabi/lib/thumb/v7e-m/nofp/libg_nano.a(libc_a-stdio.o)
                              /usr/lib/gcc/arm-none-eabi/16.2.0/../../../../arm-none-eabi/lib/thumb/v7e-m/nofp/libg_nano.a(libc_a-findfp.o) (__sread)
/usr/lib/gcc/arm-none-eabi/16.2.0/../../../../arm-none-eabi/lib/thumb/v7e-m/nofp/libg_nano.a(libc_a-memset.o)
                              /usr/lib/gcc/arm-none-eabi/16.2.0/../../../../arm-none-eabi/lib/thumb/v7e-m/nofp/crt0.o (memset)
/usr/lib/gcc/arm-none-eabi/16.2.0/../../../../arm-none-eabi/lib/thumb/v7e-m/nofp/libg_nano.a(libc_a-closer.o)
                              /usr/lib/gcc/arm-none-eabi/16.2.0/../../../../arm-none-eabi/lib/thumb/v7e-m/nofp/libg_nano.a(libc_a-stdio.o) (_close_r)
/usr/lib/gcc/arm-none-eabi/16.2.0/../../../../arm-none-eabi/lib/thumb/v7e-m/nofp/libg_nano.a(libc_a-reent.o)
                              /usr/lib/gcc/arm-none-eabi/16.2.0/../../../../arm-none-eabi/lib/thumb/v7e-m/nofp/libg_nano.a(libc_a-closer.o) (errno)
/usr/lib/gcc/arm-none-eabi/16.2.0/../../../../arm-none-eabi/lib/thumb/v7e-m/nofp/libg_nano.a(libc_a-impure.o)
                              /usr/lib/gcc/arm-none-eabi/16.2.0/../../../../arm-none-eabi/lib/thumb/v7e-m/nofp/libg_nano.a(libc_a-printf.o) (_impure_ptr)
/usr/lib/gcc/arm-none-eabi/16.2.0/../../../../arm-none-eabi/lib/thumb/v7e-m/nofp/libg_nano.a(libc_a-lseekr.o)
                              /usr/lib/gcc/arm-none-eabi/16.2.0/../../../../arm-none-eabi/lib/thumb/v7e-m/nofp/libg_nano.a(libc_a-stdio.o) (_lseek_r)
/usr/lib/gcc/arm-none-eabi/16.2.0/../../../../arm-none-eabi/lib/thumb/v7e-m/nofp/libg_nano.a(libc_a-readr.o)
                              /usr/lib/gcc/arm-none-eabi/16.2.0/../../../../arm-none-eabi/lib/thumb/v7e-m/nofp/libg_nano.a(libc_a-stdio.o) (_read_r)
/usr/lib/gcc/arm-none-eabi/16.2.0/../../../../arm-none-eabi/lib/thumb/v7e-m/nofp/libg_nano.a(libc_a-writer.o)
                              /usr/lib/gcc/arm-none-eabi/16.2.0/../../../../arm-none-eabi/lib/thumb/v7e-m/nofp/libg_nano.a(libc_a-stdio.o) (_write_r)
/usr/lib/gcc/arm-none-eabi/16.2.0/../../../../arm-none-eabi/lib/thumb/v7e-m/nofp/libg_nano.a(libc_a-errno.o)
                              CMakeFiles/LoRaX.dir/Src/sysmem.c.obj (__errno)
/usr/lib/gcc/arm-none-eabi/16.2.0/../../../../arm-none-eabi/lib/thumb/v7e-m/nofp/libg_nano.a(libc_a-init.o)
                              /usr/lib/gcc/arm-none-eabi/16.2.0/../../../../arm-none-eabi/lib/thumb/v7e-m/nofp/crt0.o (__libc_init_array)
/usr/lib/gcc/arm-none-eabi/16.2.0/../../../../arm-none-eabi/lib/thumb/v7e-m/nofp/libg_nano.a(libc_a-fini.o)
                              /usr/lib/gcc/arm-none-eabi/16.2.0/../../../../arm-none-eabi/lib/thumb/v7e-m/nofp/crt0.o (__libc_fini_array)
/usr/lib/gcc/arm-none-eabi/16.2.0/../../../../arm-none-eabi/lib/thumb/v7e-m/nofp/libg_nano.a(libc_a-lock.o)
                              /usr/lib/gcc/arm-none-eabi/16.2.0/../../../../arm-none-eabi/lib/thumb/v7e-m/nofp/libg_nano.a(libc_a-findfp.o) (__retarget_lock_init_recursive)
[...]
Memory Configuration

Name             Origin             Length             Attributes
ROM              0x08000000         0x00040000         xr
RAM1             0x20000000         0x00008000         xrw
RAM2             0x20008000         0x00008000         xrw
*default*        0x00000000         0xffffffff

Linker script and memory map

LOAD /usr/lib/gcc/arm-none-eabi/16.2.0/thumb/v7e-m/nofp/crti.o
LOAD /usr/lib/gcc/arm-none-eabi/16.2.0/thumb/v7e-m/nofp/crtbegin.o
LOAD /usr/lib/gcc/arm-none-eabi/16.2.0/../../../../arm-none-eabi/lib/thumb/v7e-m/nofp/crt0.o
LOAD cmake/stm32cubemx/CMakeFiles/STM32_Drivers.dir/__/__/Src/system_stm32wlxx.c.obj
LOAD cmake/stm32cubemx/CMakeFiles/STM32_Drivers.dir/__/__/Drivers/STM32WLxx_HAL_Driver/Src/stm32wlxx_hal_rcc.c.obj
LOAD cmake/stm32cubemx/CMakeFiles/STM32_Drivers.dir/__/__/Drivers/STM32WLxx_HAL_Driver/Src/stm32wlxx_hal_rcc_ex.c.obj
LOAD cmake/stm32cubemx/CMakeFiles/STM32_Drivers.dir/__/__/Drivers/STM32WLxx_HAL_Driver/Src/stm32wlxx_hal_flash.c.obj
LOAD cmake/stm32cubemx/CMakeFiles/STM32_Drivers.dir/__/__/Drivers/STM32WLxx_HAL_Driver/Src/stm32wlxx_hal_flash_ex.c.obj
LOAD cmake/stm32cubemx/CMakeFiles/STM32_Drivers.dir/__/__/Drivers/STM32WLxx_HAL_Driver/Src/stm32wlxx_hal_gpio.c.obj
LOAD cmake/stm32cubemx/CMakeFiles/STM32_Drivers.dir/__/__/Drivers/STM32WLxx_HAL_Driver/Src/stm32wlxx_hal_dma.c.obj
LOAD cmake/stm32cubemx/CMakeFiles/STM32_Drivers.dir/__/__/Drivers/STM32WLxx_HAL_Driver/Src/stm32wlxx_hal_dma_ex.c.obj
LOAD cmake/stm32cubemx/CMakeFiles/STM32_Drivers.dir/__/__/Drivers/STM32WLxx_HAL_Driver/Src/stm32wlxx_hal_pwr.c.obj
LOAD cmake/stm32cubemx/CMakeFiles/STM32_Drivers.dir/__/__/Drivers/STM32WLxx_HAL_Driver/Src/stm32wlxx_hal_pwr_ex.c.obj
LOAD cmake/stm32cubemx/CMakeFiles/STM32_Drivers.dir/__/__/Drivers/STM32WLxx_HAL_Driver/Src/stm32wlxx_hal_cortex.c.obj
LOAD cmake/stm32cubemx/CMakeFiles/STM32_Drivers.dir/__/__/Drivers/STM32WLxx_HAL_Driver/Src/stm32wlxx_hal.c.obj
LOAD cmake/stm32cubemx/CMakeFiles/STM32_Drivers.dir/__/__/Drivers/STM32WLxx_HAL_Driver/Src/stm32wlxx_hal_exti.c.obj
LOAD cmake/stm32cubemx/CMakeFiles/STM32_Drivers.dir/__/__/Drivers/STM32WLxx_HAL_Driver/Src/stm32wlxx_hal_usart.c.obj
LOAD cmake/stm32cubemx/CMakeFiles/STM32_Drivers.dir/__/__/Drivers/STM32WLxx_HAL_Driver/Src/stm32wlxx_hal_usart_ex.c.obj
LOAD cmake/stm32cubemx/CMakeFiles/STM32_Drivers.dir/__/__/Drivers/STM32WLxx_HAL_Driver/Src/stm32wlxx_hal_uart_ex.c.obj
LOAD cmake/stm32cubemx/CMakeFiles/STM32_Drivers.dir/__/__/Drivers/STM32WLxx_HAL_Driver/Src/stm32wlxx_hal_uart.c.obj
LOAD cmake/stm32cubemx/CMakeFiles/STM32_Drivers.dir/__/__/Drivers/BSP/STM32WLxx_Nucleo/stm32wlxx_nucleo.c.obj
LOAD CMakeFiles/LoRaX.dir/Src/main.c.obj
LOAD CMakeFiles/LoRaX.dir/Src/stm32wlxx_it.c.obj
LOAD CMakeFiles/LoRaX.dir/Src/stm32wlxx_hal_msp.c.obj
LOAD CMakeFiles/LoRaX.dir/Src/sysmem.c.obj
LOAD CMakeFiles/LoRaX.dir/Src/syscalls.c.obj
LOAD CMakeFiles/LoRaX.dir/startup_stm32wl55xx_cm4.s.obj
LOAD /usr/lib/gcc/arm-none-eabi/16.2.0/../../../../arm-none-eabi/lib/thumb/v7e-m/nofp/libm.a
START GROUP
LOAD /usr/lib/gcc/arm-none-eabi/16.2.0/thumb/v7e-m/nofp/libgcc.a
LOAD /usr/lib/gcc/arm-none-eabi/16.2.0/../../../../arm-none-eabi/lib/thumb/v7e-m/nofp/libg_nano.a
LOAD /usr/lib/gcc/arm-none-eabi/16.2.0/../../../../arm-none-eabi/lib/thumb/v7e-m/nofp/libc_nano.a
END GROUP
START GROUP
LOAD /usr/lib/gcc/arm-none-eabi/16.2.0/thumb/v7e-m/nofp/libgcc.a
LOAD /usr/lib/gcc/arm-none-eabi/16.2.0/../../../../arm-none-eabi/lib/thumb/v7e-m/nofp/libc_nano.a
END GROUP
LOAD /usr/lib/gcc/arm-none-eabi/16.2.0/thumb/v7e-m/nofp/crtend.o
LOAD /usr/lib/gcc/arm-none-eabi/16.2.0/thumb/v7e-m/nofp/crtn.o
                0x20008000                        _estack = (ORIGIN (RAM1) + LENGTH (RAM1))
                0x00000200                        _Min_Heap_Size = 0x200
                0x00000400                        _Min_Stack_Size = 0x400

.isr_vector     0x08000000      0x138
                0x08000000                        . = ALIGN (0x8)
 *(.isr_vector)
 .isr_vector    0x08000000      0x138 CMakeFiles/LoRaX.dir/startup_stm32wl55xx_cm4.s.obj
                0x08000000                g_pfnVectors
                0x08000138                        . = ALIGN (0x8)

.text           0x08000140     0x3f30
                0x08000140                        . = ALIGN (0x8)
 *(.text)
 .text          0x08000140       0x30 /usr/lib/gcc/arm-none-eabi/16.2.0/thumb/v7e-m/nofp/libgcc.a(_aeabi_uldivmod.o)
                0x08000140                __aeabi_uldivmod
 .text          0x08000170        0x4 /usr/lib/gcc/arm-none-eabi/16.2.0/thumb/v7e-m/nofp/libgcc.a(_dvmd_tls.o)
                0x08000170                __aeabi_ldiv0
                0x08000170                __aeabi_idiv0
 *fill*         0x08000174        0xc 
 .text          0x08000180       0xa0 /usr/lib/gcc/arm-none-eabi/16.2.0/../../../../arm-none-eabi/lib/thumb/v7e-m/nofp/libg_nano.a(libc_a-memchr.o)
                0x08000180                memchr
 *(.text*)
 .text.__do_global_dtors_aux
                0x08000220       0x24 /usr/lib/gcc/arm-none-eabi/16.2.0/thumb/v7e-m/nofp/crtbegin.o
 .text.frame_dummy
                0x08000244       0x1c /usr/lib/gcc/arm-none-eabi/16.2.0/thumb/v7e-m/nofp/crtbegin.o
 .text.SystemInit
                0x08000260        0xc cmake/stm32cubemx/CMakeFiles/STM32_Drivers.dir/__/__/Src/system_stm32wlxx.c.obj
                0x08000260                SystemInit
 .text.LL_PWR_IsEnabledBkUpAccess
                0x0800026c       0x24 cmake/stm32cubemx/CMakeFiles/STM32_Drivers.dir/__/__/Drivers/STM32WLxx_HAL_Driver/Src/stm32wlxx_hal_rcc.c.obj
 .text.LL_RCC_HSE_EnableTcxo
                0x08000290       0x1c cmake/stm32cubemx/CMakeFiles/STM32_Drivers.dir/__/__/Drivers/STM32WLxx_HAL_Driver/Src/stm32wlxx_hal_rcc.c.obj
 .text.LL_RCC_HSE_DisableTcxo
                0x080002ac       0x1c cmake/stm32cubemx/CMakeFiles/STM32_Drivers.dir/__/__/Drivers/STM32WLxx_HAL_Driver/Src/stm32wlxx_hal_rcc.c.obj
 .text.LL_RCC_HSE_IsEnabledDiv2
                0x080002c8       0x22 cmake/stm32cubemx/CMakeFiles/STM32_Drivers.dir/__/__/Drivers/STM32WLxx_HAL_Driver/Src/stm32wlxx_hal_rcc.c.obj
 .text.LL_RCC_HSE_Enable
                0x080002ea       0x1c cmake/stm32cubemx/CMakeFiles/STM32_Drivers.dir/__/__/Drivers/STM32WLxx_HAL_Driver/Src/stm32wlxx_hal_rcc.c.obj
 .text.LL_RCC_HSE_Disable
                0x08000306       0x1c cmake/stm32cubemx/CMakeFiles/STM32_Drivers.dir/__/__/Drivers/STM32WLxx_HAL_Driver/Src/stm32wlxx_hal_rcc.c.obj
 .text.LL_RCC_HSE_IsReady
                0x08000322       0x22 cmake/stm32cubemx/CMakeFiles/STM32_Drivers.dir/__/__/Drivers/STM32WLxx_HAL_Driver/Src/stm32wlxx_hal_rcc.c.obj
 .text.LL_RCC_HSI_Enable
                0x08000344       0x1c cmake/stm32cubemx/CMakeFiles/STM32_Drivers.dir/__/__/Drivers/STM32WLxx_HAL_Driver/Src/stm32wlxx_hal_rcc.c.obj
 .text.LL_RCC_HSI_Disable
                0x08000360       0x1c cmake/stm32cubemx/CMakeFiles/STM32_Drivers.dir/__/__/Drivers/STM32WLxx_HAL_Driver/Src/stm32wlxx_hal_rcc.c.obj
 .text.LL_RCC_HSI_IsReady
                0x0800037c       0x22 cmake/stm32cubemx/CMakeFiles/STM32_Drivers.dir/__/__/Drivers/STM32WLxx_HAL_Driver/Src/stm32wlxx_hal_rcc.c.obj
 .text.LL_RCC_HSI_SetCalibTrimming
                0x0800039e       0x28 cmake/stm32cubemx/CMakeFiles/STM32_Drivers.dir/__/__/Drivers/STM32WLxx_HAL_Driver/Src/stm32wlxx_hal_rcc.c.obj
 .text.LL_RCC_LSE_IsReady
                0x080003c6       0x22 cmake/stm32cubemx/CMakeFiles/STM32_Drivers.dir/__/__/Drivers/STM32WLxx_HAL_Driver/Src/stm32wlxx_hal_rcc.c.obj
 .text.LL_RCC_LSI_Enable
                0x080003e8       0x20 cmake/stm32cubemx/CMakeFiles/STM32_Drivers.dir/__/__/Drivers/STM32WLxx_HAL_Driver/Src/stm32wlxx_hal_rcc.c.obj
 .text.LL_RCC_LSI_Disable
                0x08000408       0x20 cmake/stm32cubemx/CMakeFiles/STM32_Drivers.dir/__/__/Drivers/STM32WLxx_HAL_Driver/Src/stm32wlxx_hal_rcc.c.obj
 .text.LL_RCC_LSI_IsReady
                0x08000428       0x22 cmake/stm32cubemx/CMakeFiles/STM32_Drivers.dir/__/__/Drivers/STM32WLxx_HAL_Driver/Src/stm32wlxx_hal_rcc.c.obj
 .text.LL_RCC_MSI_Enable
                0x0800044a       0x1c cmake/stm32cubemx/CMakeFiles/STM32_Drivers.dir/__/__/Drivers/STM32WLxx_HAL_Driver/Src/stm32wlxx_hal_rcc.c.obj
 .text.LL_RCC_MSI_Disable
                0x08000466       0x1c cmake/stm32cubemx/CMakeFiles/STM32_Drivers.dir/__/__/Drivers/STM32WLxx_HAL_Driver/Src/stm32wlxx_hal_rcc.c.obj
 .text.LL_RCC_MSI_IsReady
                0x08000482       0x20 cmake/stm32cubemx/CMakeFiles/STM32_Drivers.dir/__/__/Drivers/STM32WLxx_HAL_Driver/Src/stm32wlxx_hal_rcc.c.obj
 .text.LL_RCC_MSI_IsEnabledRangeSelect
                0x080004a2       0x20 cmake/stm32cubemx/CMakeFiles/STM32_Drivers.dir/__/__/Drivers/STM32WLxx_HAL_Driver/Src/stm32wlxx_hal_rcc.c.obj
 .text.LL_RCC_MSI_GetRange
                0x080004c2       0x16 cmake/stm32cubemx/CMakeFiles/STM32_Drivers.dir/__/__/Drivers/STM32WLxx_HAL_Driver/Src/stm32wlxx_hal_rcc.c.obj
 .text.LL_RCC_MSI_GetRangeAfterStandby
                0x080004d8       0x18 cmake/stm32cubemx/CMakeFiles/STM32_Drivers.dir/__/__/Drivers/STM32WLxx_HAL_Driver/Src/stm32wlxx_hal_rcc.c.obj
 .text.LL_RCC_MSI_SetCalibTrimming
                0x080004f0       0x28 cmake/stm32cubemx/CMakeFiles/STM32_Drivers.dir/__/__/Drivers/STM32WLxx_HAL_Driver/Src/stm32wlxx_hal_rcc.c.obj
 .text.LL_RCC_SetSysClkSource
                0x08000518       0x26 cmake/stm32cubemx/CMakeFiles/STM32_Drivers.dir/__/__/Drivers/STM32WLxx_HAL_Driver/Src/stm32wlxx_hal_rcc.c.obj
 .text.LL_RCC_GetSysClkSource
                0x0800053e       0x16 cmake/stm32cubemx/CMakeFiles/STM32_Drivers.dir/__/__/Drivers/STM32WLxx_HAL_Driver/Src/stm32wlxx_hal_rcc.c.obj
 .text.LL_RCC_SetAHBPrescaler
                0x08000554       0x26 cmake/stm32cubemx/CMakeFiles/STM32_Drivers.dir/__/__/Drivers/STM32WLxx_HAL_Driver/Src/stm32wlxx_hal_rcc.c.obj
 .text.LL_C2_RCC_SetAHBPrescaler
                0x0800057a       0x2a cmake/stm32cubemx/CMakeFiles/STM32_Drivers.dir/__/__/Drivers/STM32WLxx_HAL_Driver/Src/stm32wlxx_hal_rcc.c.obj
 .text.LL_RCC_SetAHB3Prescaler
                0x080005a4       0x2c cmake/stm32cubemx/CMakeFiles/STM32_Drivers.dir/__/__/Drivers/STM32WLxx_HAL_Driver/Src/stm32wlxx_hal_rcc.c.obj
 .text.LL_RCC_SetAPB1Prescaler
                0x080005d0       0x26 cmake/stm32cubemx/CMakeFiles/STM32_Drivers.dir/__/__/Drivers/STM32WLxx_HAL_Driver/Src/stm32wlxx_hal_rcc.c.obj
 .text.LL_RCC_SetAPB2Prescaler
                0x080005f6       0x26 cmake/stm32cubemx/CMakeFiles/STM32_Drivers.dir/__/__/Drivers/STM32WLxx_HAL_Driver/Src/stm32wlxx_hal_rcc.c.obj
 .text.LL_RCC_GetAHBPrescaler
                0x0800061c       0x16 cmake/stm32cubemx/CMakeFiles/STM32_Drivers.dir/__/__/Drivers/STM32WLxx_HAL_Driver/Src/stm32wlxx_hal_rcc.c.obj
 .text.LL_RCC_GetAHB3Prescaler
                0x08000632       0x1a cmake/stm32cubemx/CMakeFiles/STM32_Drivers.dir/__/__/Drivers/STM32WLxx_HAL_Driver/Src/stm32wlxx_hal_rcc.c.obj
 .text.LL_RCC_GetAPB1Prescaler
                0x0800064c       0x16 cmake/stm32cubemx/CMakeFiles/STM32_Drivers.dir/__/__/Drivers/STM32WLxx_HAL_Driver/Src/stm32wlxx_hal_rcc.c.obj
 .text.LL_RCC_GetAPB2Prescaler
                0x08000662       0x16 cmake/stm32cubemx/CMakeFiles/STM32_Drivers.dir/__/__/Drivers/STM32WLxx_HAL_Driver/Src/stm32wlxx_hal_rcc.c.obj
 .text.LL_RCC_PLL_Enable
                0x08000678       0x1c cmake/stm32cubemx/CMakeFiles/STM32_Drivers.dir/__/__/Drivers/STM32WLxx_HAL_Driver/Src/stm32wlxx_hal_rcc.c.obj
 .text.LL_RCC_PLL_Disable
                0x08000694       0x1c cmake/stm32cubemx/CMakeFiles/STM32_Drivers.dir/__/__/Drivers/STM32WLxx_HAL_Driver/Src/stm32wlxx_hal_rcc.c.obj
 .text.LL_RCC_PLL_IsReady
                0x080006b0       0x22 cmake/stm32cubemx/CMakeFiles/STM32_Drivers.dir/__/__/Drivers/STM32WLxx_HAL_Driver/Src/stm32wlxx_hal_rcc.c.obj
 .text.LL_RCC_PLL_GetN
                0x080006d2       0x18 cmake/stm32cubemx/CMakeFiles/STM32_Drivers.dir/__/__/Drivers/STM32WLxx_HAL_Driver/Src/stm32wlxx_hal_rcc.c.obj
 .text.LL_RCC_PLL_GetR
                0x080006ea       0x16 cmake/stm32cubemx/CMakeFiles/STM32_Drivers.dir/__/__/Drivers/STM32WLxx_HAL_Driver/Src/stm32wlxx_hal_rcc.c.obj
 .text.LL_RCC_PLL_GetDivider
                0x08000700       0x16 cmake/stm32cubemx/CMakeFiles/STM32_Drivers.dir/__/__/Drivers/STM32WLxx_HAL_Driver/Src/stm32wlxx_hal_rcc.c.obj
 .text.LL_RCC_PLL_GetMainSource
                0x08000716       0x16 cmake/stm32cubemx/CMakeFiles/STM32_Drivers.dir/__/__/Drivers/STM32WLxx_HAL_Driver/Src/stm32wlxx_hal_rcc.c.obj
 .text.LL_RCC_IsActiveFlag_HPRE
                0x0800072c       0x22 cmake/stm32cubemx/CMakeFiles/STM32_Drivers.dir/__/__/Drivers/STM32WLxx_HAL_Driver/Src/stm32wlxx_hal_rcc.c.obj
 .text.LL_RCC_IsActiveFlag_C2HPRE
                0x0800074e       0x24 cmake/stm32cubemx/CMakeFiles/STM32_Drivers.dir/__/__/Drivers/STM32WLxx_HAL_Driver/Src/stm32wlxx_hal_rcc.c.obj
 .text.LL_RCC_IsActiveFlag_SHDHPRE
                0x08000772       0x24 cmake/stm32cubemx/CMakeFiles/STM32_Drivers.dir/__/__/Drivers/STM32WLxx_HAL_Driver/Src/stm32wlxx_hal_rcc.c.obj
 .text.LL_RCC_IsActiveFlag_PPRE1
                0x08000796       0x22 cmake/stm32cubemx/CMakeFiles/STM32_Drivers.dir/__/__/Drivers/STM32WLxx_HAL_Driver/Src/stm32wlxx_hal_rcc.c.obj
 .text.LL_RCC_IsActiveFlag_PPRE2
                0x080007b8       0x22 cmake/stm32cubemx/CMakeFiles/STM32_Drivers.dir/__/__/Drivers/STM32WLxx_HAL_Driver/Src/stm32wlxx_hal_rcc.c.obj
 *fill*         0x080007da        0x2 
 .text.HAL_RCC_OscConfig
                0x080007dc      0x704 cmake/stm32cubemx/CMakeFiles/STM32_Drivers.dir/__/__/Drivers/STM32WLxx_HAL_Driver/Src/stm32wlxx_hal_rcc.c.obj
                0x080007dc                HAL_RCC_OscConfig
 .text.HAL_RCC_ClockConfig
                0x08000ee0      0x284 cmake/stm32cubemx/CMakeFiles/STM32_Drivers.dir/__/__/Drivers/STM32WLxx_HAL_Driver/Src/stm32wlxx_hal_rcc.c.obj
                0x08000ee0                HAL_RCC_ClockConfig
 .text.HAL_RCC_GetSysClockFreq
                0x08001164      0x144 cmake/stm32cubemx/CMakeFiles/STM32_Drivers.dir/__/__/Drivers/STM32WLxx_HAL_Driver/Src/stm32wlxx_hal_rcc.c.obj
                0x08001164                HAL_RCC_GetSysClockFreq
 .text.HAL_RCC_GetHCLKFreq
                0x080012a8       0x28 cmake/stm32cubemx/CMakeFiles/STM32_Drivers.dir/__/__/Drivers/STM32WLxx_HAL_Driver/Src/stm32wlxx_hal_rcc.c.obj
                0x080012a8                HAL_RCC_GetHCLKFreq
 .text.HAL_RCC_GetPCLK1Freq
                0x080012d0       0x24 cmake/stm32cubemx/CMakeFiles/STM32_Drivers.dir/__/__/Drivers/STM32WLxx_HAL_Driver/Src/stm32wlxx_hal_rcc.c.obj
                0x080012d0                HAL_RCC_GetPCLK1Freq
 .text.HAL_RCC_GetPCLK2Freq
                0x080012f4       0x24 cmake/stm32cubemx/CMakeFiles/STM32_Drivers.dir/__/__/Drivers/STM32WLxx_HAL_Driver/Src/stm32wlxx_hal_rcc.c.obj
                0x080012f4                HAL_RCC_GetPCLK2Freq
 .text.RCC_SetFlashLatencyFromMSIRange
                0x08001318       0x60 cmake/stm32cubemx/CMakeFiles/STM32_Drivers.dir/__/__/Drivers/STM32WLxx_HAL_Driver/Src/stm32wlxx_hal_rcc.c.obj
 .text.RCC_SetFlashLatency
                0x08001378      0x104 cmake/stm32cubemx/CMakeFiles/STM32_Drivers.dir/__/__/Drivers/STM32WLxx_HAL_Driver/Src/stm32wlxx_hal_rcc.c.obj
 .text.HAL_GPIO_Init
                0x0800147c      0x2c0 cmake/stm32cubemx/CMakeFiles/STM32_Drivers.dir/__/__/Drivers/STM32WLxx_HAL_Driver/Src/stm32wlxx_hal_gpio.c.obj
                0x0800147c                HAL_GPIO_Init
 .text.HAL_GPIO_WritePin
                0x0800173c       0x2e cmake/stm32cubemx/CMakeFiles/STM32_Drivers.dir/__/__/Drivers/STM32WLxx_HAL_Driver/Src/stm32wlxx_hal_gpio.c.obj
                0x0800173c                HAL_GPIO_WritePin
 .text.HAL_GPIO_TogglePin
                0x0800176a       0x32 cmake/stm32cubemx/CMakeFiles/STM32_Drivers.dir/__/__/Drivers/STM32WLxx_HAL_Driver/Src/stm32wlxx_hal_gpio.c.obj
                0x0800176a                HAL_GPIO_TogglePin
 .text.HAL_PWR_EnableBkUpAccess
                0x0800179c       0x1c cmake/stm32cubemx/CMakeFiles/STM32_Drivers.dir/__/__/Drivers/STM32WLxx_HAL_Driver/Src/stm32wlxx_hal_pwr.c.obj
                0x0800179c                HAL_PWR_EnableBkUpAccess
 .text.HAL_PWREx_GetVoltageRange
                0x080017b8       0x18 cmake/stm32cubemx/CMakeFiles/STM32_Drivers.dir/__/__/Drivers/STM32WLxx_HAL_Driver/Src/stm32wlxx_hal_pwr_ex.c.obj
                0x080017b8                HAL_PWREx_GetVoltageRange
 .text.__NVIC_SetPriorityGrouping
                0x080017d0       0x48 cmake/stm32cubemx/CMakeFiles/STM32_Drivers.dir/__/__/Drivers/STM32WLxx_HAL_Driver/Src/stm32wlxx_hal_cortex.c.obj
 .text.__NVIC_GetPriorityGrouping
                0x08001818       0x1c cmake/stm32cubemx/CMakeFiles/STM32_Drivers.dir/__/__/Drivers/STM32WLxx_HAL_Driver/Src/stm32wlxx_hal_cortex.c.obj
 .text.__NVIC_EnableIRQ
                0x08001834       0x38 cmake/stm32cubemx/CMakeFiles/STM32_Drivers.dir/__/__/Drivers/STM32WLxx_HAL_Driver/Src/stm32wlxx_hal_cortex.c.obj
 .text.__NVIC_SetPriority
                0x0800186c       0x54 cmake/stm32cubemx/CMakeFiles/STM32_Drivers.dir/__/__/Drivers/STM32WLxx_HAL_Driver/Src/stm32wlxx_hal_cortex.c.obj
 .text.NVIC_EncodePriority
                0x080018c0       0x6e cmake/stm32cubemx/CMakeFiles/STM32_Drivers.dir/__/__/Drivers/STM32WLxx_HAL_Driver/Src/stm32wlxx_hal_cortex.c.obj
 *fill*         0x0800192e        0x2 
 .text.SysTick_Config
                0x08001930       0x44 cmake/stm32cubemx/CMakeFiles/STM32_Drivers.dir/__/__/Drivers/STM32WLxx_HAL_Driver/Src/stm32wlxx_hal_cortex.c.obj
 .text.HAL_NVIC_SetPriorityGrouping
                0x08001974       0x16 cmake/stm32cubemx/CMakeFiles/STM32_Drivers.dir/__/__/Drivers/STM32WLxx_HAL_Driver/Src/stm32wlxx_hal_cortex.c.obj
                0x08001974                HAL_NVIC_SetPriorityGrouping
 .text.HAL_NVIC_SetPriority
                0x0800198a       0x34 cmake/stm32cubemx/CMakeFiles/STM32_Drivers.dir/__/__/Drivers/STM32WLxx_HAL_Driver/Src/stm32wlxx_hal_cortex.c.obj
                0x0800198a                HAL_NVIC_SetPriority
 .text.HAL_NVIC_EnableIRQ
                0x080019be       0x1c cmake/stm32cubemx/CMakeFiles/STM32_Drivers.dir/__/__/Drivers/STM32WLxx_HAL_Driver/Src/stm32wlxx_hal_cortex.c.obj
                0x080019be                HAL_NVIC_EnableIRQ
 .text.HAL_SYSTICK_Config
                0x080019da       0x18 cmake/stm32cubemx/CMakeFiles/STM32_Drivers.dir/__/__/Drivers/STM32WLxx_HAL_Driver/Src/stm32wlxx_hal_cortex.c.obj
                0x080019da                HAL_SYSTICK_Config
 *fill*         0x080019f2        0x2 
 .text.HAL_Init
                0x080019f4       0x40 cmake/stm32cubemx/CMakeFiles/STM32_Drivers.dir/__/__/Drivers/STM32WLxx_HAL_Driver/Src/stm32wlxx_hal.c.obj
                0x080019f4                HAL_Init
 .text.HAL_InitTick
                0x08001a34       0x74 cmake/stm32cubemx/CMakeFiles/STM32_Drivers.dir/__/__/Drivers/STM32WLxx_HAL_Driver/Src/stm32wlxx_hal.c.obj
                0x08001a34                HAL_InitTick
 .text.HAL_IncTick
                0x08001aa8       0x24 cmake/stm32cubemx/CMakeFiles/STM32_Drivers.dir/__/__/Drivers/STM32WLxx_HAL_Driver/Src/stm32wlxx_hal.c.obj
                0x08001aa8                HAL_IncTick
 .text.HAL_GetTick
                0x08001acc       0x14 cmake/stm32cubemx/CMakeFiles/STM32_Drivers.dir/__/__/Drivers/STM32WLxx_HAL_Driver/Src/stm32wlxx_hal.c.obj
                0x08001acc                HAL_GetTick
 .text.HAL_Delay
                0x08001ae0       0x48 cmake/stm32cubemx/CMakeFiles/STM32_Drivers.dir/__/__/Drivers/STM32WLxx_HAL_Driver/Src/stm32wlxx_hal.c.obj
                0x08001ae0                HAL_Delay
 .text.HAL_EXTI_RegisterCallback
                0x08001b28       0x32 cmake/stm32cubemx/CMakeFiles/STM32_Drivers.dir/__/__/Drivers/STM32WLxx_HAL_Driver/Src/stm32wlxx_hal_exti.c.obj
                0x08001b28                HAL_EXTI_RegisterCallback
 .text.HAL_EXTI_GetHandle
                0x08001b5a       0x26 cmake/stm32cubemx/CMakeFiles/STM32_Drivers.dir/__/__/Drivers/STM32WLxx_HAL_Driver/Src/stm32wlxx_hal_exti.c.obj
                0x08001b5a                HAL_EXTI_GetHandle
 .text.HAL_EXTI_IRQHandler
                0x08001b80       0x5e cmake/stm32cubemx/CMakeFiles/STM32_Drivers.dir/__/__/Drivers/STM32WLxx_HAL_Driver/Src/stm32wlxx_hal_exti.c.obj
                0x08001b80                HAL_EXTI_IRQHandler
 .text.LL_RCC_GetUSARTClockSource
                0x08001bde       0x24 cmake/stm32cubemx/CMakeFiles/STM32_Drivers.dir/__/__/Drivers/STM32WLxx_HAL_Driver/Src/stm32wlxx_hal_uart.c.obj
 .text.LL_RCC_GetLPUARTClockSource
                0x08001c02       0x1e cmake/stm32cubemx/CMakeFiles/STM32_Drivers.dir/__/__/Drivers/STM32WLxx_HAL_Driver/Src/stm32wlxx_hal_uart.c.obj
 .text.HAL_UART_Init
                0x08001c20       0xa0 cmake/stm32cubemx/CMakeFiles/STM32_Drivers.dir/__/__/Drivers/STM32WLxx_HAL_Driver/Src/stm32wlxx_hal_uart.c.obj
                0x08001c20                HAL_UART_Init
 .text.HAL_UART_MspInit
                0x08001cc0       0x12 cmake/stm32cubemx/CMakeFiles/STM32_Drivers.dir/__/__/Drivers/STM32WLxx_HAL_Driver/Src/stm32wlxx_hal_uart.c.obj
                0x08001cc0                HAL_UART_MspInit
 .text.HAL_UART_Transmit
                0x08001cd2      0x12e cmake/stm32cubemx/CMakeFiles/STM32_Drivers.dir/__/__/Drivers/STM32WLxx_HAL_Driver/Src/stm32wlxx_hal_uart.c.obj
                0x08001cd2                HAL_UART_Transmit
 .text.UART_SetConfig
                0x08001e00      0x4b0 cmake/stm32cubemx/CMakeFiles/STM32_Drivers.dir/__/__/Drivers/STM32WLxx_HAL_Driver/Src/stm32wlxx_hal_uart.c.obj
                0x08001e00                UART_SetConfig
 .text.UART_AdvFeatureConfig
                0x080022b0      0x142 cmake/stm32cubemx/CMakeFiles/STM32_Drivers.dir/__/__/Drivers/STM32WLxx_HAL_Driver/Src/stm32wlxx_hal_uart.c.obj
                0x080022b0                UART_AdvFeatureConfig
 .text.UART_CheckIdleState
                0x080023f2      0x154 cmake/stm32cubemx/CMakeFiles/STM32_Drivers.dir/__/__/Drivers/STM32WLxx_HAL_Driver/Src/stm32wlxx_hal_uart.c.obj
                0x080023f2                UART_CheckIdleState
 .text.UART_WaitOnFlagUntilTimeout
                0x08002546       0xda cmake/stm32cubemx/CMakeFiles/STM32_Drivers.dir/__/__/Drivers/STM32WLxx_HAL_Driver/Src/stm32wlxx_hal_uart.c.obj
                0x08002546                UART_WaitOnFlagUntilTimeout
 .text.UART_EndRxTransfer
                0x08002620       0xca cmake/stm32cubemx/CMakeFiles/STM32_Drivers.dir/__/__/Drivers/STM32WLxx_HAL_Driver/Src/stm32wlxx_hal_uart.c.obj
 .text.LL_AHB2_GRP1_EnableClock
                0x080026ea       0x30 cmake/stm32cubemx/CMakeFiles/STM32_Drivers.dir/__/__/Drivers/BSP/STM32WLxx_Nucleo/stm32wlxx_nucleo.c.obj
 .text.LL_APB1_GRP2_EnableClock
                0x0800271a       0x30 cmake/stm32cubemx/CMakeFiles/STM32_Drivers.dir/__/__/Drivers/BSP/STM32WLxx_Nucleo/stm32wlxx_nucleo.c.obj
 *fill*         0x0800274a        0x2 
 .text.BSP_LED_Init
                0x0800274c       0x74 cmake/stm32cubemx/CMakeFiles/STM32_Drivers.dir/__/__/Drivers/BSP/STM32WLxx_Nucleo/stm32wlxx_nucleo.c.obj
                0x0800274c                BSP_LED_Init
 .text.BSP_LED_On
                0x080027c0       0x34 cmake/stm32cubemx/CMakeFiles/STM32_Drivers.dir/__/__/Drivers/BSP/STM32WLxx_Nucleo/stm32wlxx_nucleo.c.obj
                0x080027c0                BSP_LED_On
 .text.BSP_LED_Toggle
                0x080027f4       0x34 cmake/stm32cubemx/CMakeFiles/STM32_Drivers.dir/__/__/Drivers/BSP/STM32WLxx_Nucleo/stm32wlxx_nucleo.c.obj
                0x080027f4                BSP_LED_Toggle
 .text.BSP_PB_Init
                0x08002828      0x10c cmake/stm32cubemx/CMakeFiles/STM32_Drivers.dir/__/__/Drivers/BSP/STM32WLxx_Nucleo/stm32wlxx_nucleo.c.obj
                0x08002828                BSP_PB_Init
 .text.BSP_PB_IRQHandler
                0x08002934       0x24 cmake/stm32cubemx/CMakeFiles/STM32_Drivers.dir/__/__/Drivers/BSP/STM32WLxx_Nucleo/stm32wlxx_nucleo.c.obj
                0x08002934                BSP_PB_IRQHandler
 .text.BSP_COM_Init
                0x08002958       0x60 cmake/stm32cubemx/CMakeFiles/STM32_Drivers.dir/__/__/Drivers/BSP/STM32WLxx_Nucleo/stm32wlxx_nucleo.c.obj
                0x08002958                BSP_COM_Init
 .text.MX_LPUART1_Init
                0x080029b8       0x64 cmake/stm32cubemx/CMakeFiles/STM32_Drivers.dir/__/__/Drivers/BSP/STM32WLxx_Nucleo/stm32wlxx_nucleo.c.obj
                0x080029b8                MX_LPUART1_Init
 .text.__io_putchar
                0x08002a1c       0x38 cmake/stm32cubemx/CMakeFiles/STM32_Drivers.dir/__/__/Drivers/BSP/STM32WLxx_Nucleo/stm32wlxx_nucleo.c.obj
                0x08002a1c                __io_putchar
 .text.BUTTON_SW1_EXTI_Callback
                0x08002a54        0xe cmake/stm32cubemx/CMakeFiles/STM32_Drivers.dir/__/__/Drivers/BSP/STM32WLxx_Nucleo/stm32wlxx_nucleo.c.obj
 .text.BUTTON_SW2_EXTI_Callback
                0x08002a62        0xe cmake/stm32cubemx/CMakeFiles/STM32_Drivers.dir/__/__/Drivers/BSP/STM32WLxx_Nucleo/stm32wlxx_nucleo.c.obj
 .text.BUTTON_SW3_EXTI_Callback
                0x08002a70        0xe cmake/stm32cubemx/CMakeFiles/STM32_Drivers.dir/__/__/Drivers/BSP/STM32WLxx_Nucleo/stm32wlxx_nucleo.c.obj
 .text.COM1_MspInit
                0x08002a7e       0x5e cmake/stm32cubemx/CMakeFiles/STM32_Drivers.dir/__/__/Drivers/BSP/STM32WLxx_Nucleo/stm32wlxx_nucleo.c.obj
 .text.LL_AHB2_GRP1_EnableClock
                0x08002adc       0x30 CMakeFiles/LoRaX.dir/Src/main.c.obj
 .text.main     0x08002b0c       0xc4 CMakeFiles/LoRaX.dir/Src/main.c.obj
                0x08002b0c                main
 .text.SystemClock_Config
                0x08002bd0       0xa4 CMakeFiles/LoRaX.dir/Src/main.c.obj
                0x08002bd0                SystemClock_Config
 .text.MX_GPIO_Init
                0x08002c74       0x4c CMakeFiles/LoRaX.dir/Src/main.c.obj
 .text.BSP_PB_Callback
                0x08002cc0       0x4c CMakeFiles/LoRaX.dir/Src/main.c.obj
                0x08002cc0                BSP_PB_Callback
 .text.Error_Handler
                0x08002d0c        0xc CMakeFiles/LoRaX.dir/Src/main.c.obj
                0x08002d0c                Error_Handler
 .text.NMI_Handler
                0x08002d18        0x8 CMakeFiles/LoRaX.dir/Src/stm32wlxx_it.c.obj
                0x08002d18                NMI_Handler
 .text.HardFault_Handler
                0x08002d20        0x8 CMakeFiles/LoRaX.dir/Src/stm32wlxx_it.c.obj
                0x08002d20                HardFault_Handler
 .text.MemManage_Handler
                0x08002d28        0x8 CMakeFiles/LoRaX.dir/Src/stm32wlxx_it.c.obj
                0x08002d28                MemManage_Handler
 .text.BusFault_Handler
                0x08002d30        0x8 CMakeFiles/LoRaX.dir/Src/stm32wlxx_it.c.obj
                0x08002d30                BusFault_Handler
 .text.UsageFault_Handler
                0x08002d38        0x8 CMakeFiles/LoRaX.dir/Src/stm32wlxx_it.c.obj
                0x08002d38                UsageFault_Handler
 .text.SVC_Handler
                0x08002d40        0xc CMakeFiles/LoRaX.dir/Src/stm32wlxx_it.c.obj
                0x08002d40                SVC_Handler
 .text.DebugMon_Handler
                0x08002d4c        0xc CMakeFiles/LoRaX.dir/Src/stm32wlxx_it.c.obj
                0x08002d4c                DebugMon_Handler
 .text.PendSV_Handler
                0x08002d58        0xc CMakeFiles/LoRaX.dir/Src/stm32wlxx_it.c.obj
                0x08002d58                PendSV_Handler
 .text.SysTick_Handler
                0x08002d64        0xc CMakeFiles/LoRaX.dir/Src/stm32wlxx_it.c.obj
                0x08002d64                SysTick_Handler
 .text.EXTI0_IRQHandler
                0x08002d70        0xe CMakeFiles/LoRaX.dir/Src/stm32wlxx_it.c.obj
                0x08002d70                EXTI0_IRQHandler
 .text.EXTI1_IRQHandler
                0x08002d7e        0xe CMakeFiles/LoRaX.dir/Src/stm32wlxx_it.c.obj
                0x08002d7e                EXTI1_IRQHandler
 .text.EXTI9_5_IRQHandler
                0x08002d8c        0xe CMakeFiles/LoRaX.dir/Src/stm32wlxx_it.c.obj
                0x08002d8c                EXTI9_5_IRQHandler
 .text.HAL_MspInit
                0x08002d9a        0xc CMakeFiles/LoRaX.dir/Src/stm32wlxx_hal_msp.c.obj
                0x08002d9a                HAL_MspInit
 *fill*         0x08002da6        0x2 
 .text._sbrk    0x08002da8       0x6c CMakeFiles/LoRaX.dir/Src/sysmem.c.obj
                0x08002da8                _sbrk
 .text._read    0x08002e14       0x3a CMakeFiles/LoRaX.dir/Src/syscalls.c.obj
                0x08002e14                _read
 .text._write   0x08002e4e       0x38 CMakeFiles/LoRaX.dir/Src/syscalls.c.obj
                0x08002e4e                _write
 .text._close   0x08002e86       0x16 CMakeFiles/LoRaX.dir/Src/syscalls.c.obj
                0x08002e86                _close
 .text._fstat   0x08002e9c       0x1e CMakeFiles/LoRaX.dir/Src/syscalls.c.obj
                0x08002e9c                _fstat
 .text._isatty  0x08002eba       0x14 CMakeFiles/LoRaX.dir/Src/syscalls.c.obj
                0x08002eba                _isatty
 .text._lseek   0x08002ece       0x18 CMakeFiles/LoRaX.dir/Src/syscalls.c.obj
                0x08002ece                _lseek
 *fill*         0x08002ee6        0x2 
 .text.Reset_Handler
                0x08002ee8       0x50 CMakeFiles/LoRaX.dir/startup_stm32wl55xx_cm4.s.obj
                0x08002ee8                Reset_Handler
 .text.Default_Handler
                0x08002f38        0x2 CMakeFiles/LoRaX.dir/startup_stm32wl55xx_cm4.s.obj
                0x08002f38                RTC_Alarm_IRQHandler
                0x08002f38                EXTI2_IRQHandler
                0x08002f38                TIM1_CC_IRQHandler
                0x08002f38                EXTI3_IRQHandler
                0x08002f38                LPTIM2_IRQHandler
                0x08002f38                I2C3_ER_IRQHandler
                0x08002f38                LPTIM3_IRQHandler
                0x08002f38                I2C2_EV_IRQHandler
                0x08002f38                TAMP_STAMP_LSECSS_SSRU_IRQHandler
                0x08002f38                SPI1_IRQHandler
                0x08002f38                DMA2_Channel2_IRQHandler
                0x08002f38                DMA1_Channel4_IRQHandler
                0x08002f38                PKA_IRQHandler
                0x08002f38                TIM17_IRQHandler
                0x08002f38                DMA1_Channel7_IRQHandler
                0x08002f38                SUBGHZSPI_IRQHandler
                0x08002f38                IPCC_C1_TX_IRQHandler
                0x08002f38                DMA2_Channel1_IRQHandler
                0x08002f38                I2C1_EV_IRQHandler
                0x08002f38                SUBGHZ_Radio_IRQHandler
                0x08002f38                DMAMUX1_OVR_IRQHandler
                0x08002f38                DMA1_Channel6_IRQHandler
                0x08002f38                TIM16_IRQHandler
                0x08002f38                DMA2_Channel4_IRQHandler
                0x08002f38                RCC_IRQHandler
                0x08002f38                TIM1_TRG_COM_IRQHandler
                0x08002f38                DMA1_Channel1_IRQHandler
                0x08002f38                Default_Handler
                0x08002f38                DMA2_Channel7_IRQHandler
                0x08002f38                EXTI15_10_IRQHandler
                0x08002f38                IPCC_C1_RX_IRQHandler
                0x08002f38                ADC_IRQHandler
                0x08002f38                C2SEV_PWR_C2H_IRQHandler
                0x08002f38                I2C3_EV_IRQHandler
                0x08002f38                RTC_WKUP_IRQHandler
                0x08002f38                PVD_PVM_IRQHandler
                0x08002f38                SPI2_IRQHandler
                0x08002f38                DMA2_Channel5_IRQHandler
                0x08002f38                DMA1_Channel5_IRQHandler
                0x08002f38                EXTI4_IRQHandler
                0x08002f38                RNG_IRQHandler
                0x08002f38                DMA1_Channel3_IRQHandler
                0x08002f38                COMP_IRQHandler
                0x08002f38                HSEM_IRQHandler
                0x08002f38                TIM1_UP_IRQHandler
                0x08002f38                WWDG_IRQHandler
                0x08002f38                LPUART1_IRQHandler
                0x08002f38                DMA2_Channel6_IRQHandler
                0x08002f38                TIM2_IRQHandler
                0x08002f38                TIM1_BRK_IRQHandler
                0x08002f38                DAC_IRQHandler
                0x08002f38                AES_IRQHandler
                0x08002f38                USART2_IRQHandler
                0x08002f38                I2C2_ER_IRQHandler
                0x08002f38                DMA1_Channel2_IRQHandler
                0x08002f38                FLASH_IRQHandler
                0x08002f38                USART1_IRQHandler
                0x08002f38                I2C1_ER_IRQHandler
                0x08002f38                LPTIM1_IRQHandler
                0x08002f38                DMA2_Channel3_IRQHandler
 .text.__udivmoddi4
                0x08002f3a      0x2b8 /usr/lib/gcc/arm-none-eabi/16.2.0/thumb/v7e-m/nofp/libgcc.a(_udivmoddi4.o)
                0x08002f3a                __udivmoddi4
 *fill*         0x080031f2        0x2 
 .text.std      0x080031f4       0x6c /usr/lib/gcc/arm-none-eabi/16.2.0/../../../../arm-none-eabi/lib/thumb/v7e-m/nofp/libg_nano.a(libc_a-findfp.o)
 .text.stdio_exit_handler
                0x08003260       0x18 /usr/lib/gcc/arm-none-eabi/16.2.0/../../../../arm-none-eabi/lib/thumb/v7e-m/nofp/libg_nano.a(libc_a-findfp.o)
 .text.cleanup_stdio
                0x08003278       0x40 /usr/lib/gcc/arm-none-eabi/16.2.0/../../../../arm-none-eabi/lib/thumb/v7e-m/nofp/libg_nano.a(libc_a-findfp.o)
 .text.global_stdio_init.part.0
                0x080032b8       0x40 /usr/lib/gcc/arm-none-eabi/16.2.0/../../../../arm-none-eabi/lib/thumb/v7e-m/nofp/libg_nano.a(libc_a-findfp.o)
 .text.__sfp_lock_acquire
                0x080032f8        0xc /usr/lib/gcc/arm-none-eabi/16.2.0/../../../../arm-none-eabi/lib/thumb/v7e-m/nofp/libg_nano.a(libc_a-findfp.o)
                0x080032f8                __sfp_lock_acquire
 .text.__sfp_lock_release
                0x08003304        0xc /usr/lib/gcc/arm-none-eabi/16.2.0/../../../../arm-none-eabi/lib/thumb/v7e-m/nofp/libg_nano.a(libc_a-findfp.o)
                0x08003304                __sfp_lock_release
 .text.__sinit  0x08003310       0x30 /usr/lib/gcc/arm-none-eabi/16.2.0/../../../../arm-none-eabi/lib/thumb/v7e-m/nofp/libg_nano.a(libc_a-findfp.o)
                0x08003310                __sinit
 .text._fwalk_sglue
                0x08003340       0x3a /usr/lib/gcc/arm-none-eabi/16.2.0/../../../../arm-none-eabi/lib/thumb/v7e-m/nofp/libg_nano.a(libc_a-fwalk.o)
                0x08003340                _fwalk_sglue
 *fill*         0x0800337a        0x2 
 .text.printf   0x0800337c       0x24 /usr/lib/gcc/arm-none-eabi/16.2.0/../../../../arm-none-eabi/lib/thumb/v7e-m/nofp/libg_nano.a(libc_a-printf.o)
                0x0800337c                printf
                0x0800337c                iprintf
 .text.__sread  0x080033a0       0x22 /usr/lib/gcc/arm-none-eabi/16.2.0/../../../../arm-none-eabi/lib/thumb/v7e-m/nofp/libg_nano.a(libc_a-stdio.o)
                0x080033a0                __sread
 .text.__swrite
                0x080033c2       0x38 /usr/lib/gcc/arm-none-eabi/16.2.0/../../../../arm-none-eabi/lib/thumb/v7e-m/nofp/libg_nano.a(libc_a-stdio.o)
                0x080033c2                __swrite
 .text.__sseek  0x080033fa       0x26 /usr/lib/gcc/arm-none-eabi/16.2.0/../../../../arm-none-eabi/lib/thumb/v7e-m/nofp/libg_nano.a(libc_a-stdio.o)
                0x080033fa                __sseek
 .text.__sclose
                0x08003420        0x8 /usr/lib/gcc/arm-none-eabi/16.2.0/../../../../arm-none-eabi/lib/thumb/v7e-m/nofp/libg_nano.a(libc_a-stdio.o)
                0x08003420                __sclose
 .text.memset   0x08003428       0x10 /usr/lib/gcc/arm-none-eabi/16.2.0/../../../../arm-none-eabi/lib/thumb/v7e-m/nofp/libg_nano.a(libc_a-memset.o)
                0x08003428                memset
 .text._close_r
                0x08003438       0x20 /usr/lib/gcc/arm-none-eabi/16.2.0/../../../../arm-none-eabi/lib/thumb/v7e-m/nofp/libg_nano.a(libc_a-closer.o)
                0x08003438                _close_r
 .text._lseek_r
                0x08003458       0x24 /usr/lib/gcc/arm-none-eabi/16.2.0/../../../../arm-none-eabi/lib/thumb/v7e-m/nofp/libg_nano.a(libc_a-lseekr.o)
                0x08003458                _lseek_r
 .text._read_r  0x0800347c       0x24 /usr/lib/gcc/arm-none-eabi/16.2.0/../../../../arm-none-eabi/lib/thumb/v7e-m/nofp/libg_nano.a(libc_a-readr.o)
                0x0800347c                _read_r
 .text._write_r
                0x080034a0       0x24 /usr/lib/gcc/arm-none-eabi/16.2.0/../../../../arm-none-eabi/lib/thumb/v7e-m/nofp/libg_nano.a(libc_a-writer.o)
                0x080034a0                _write_r
 .text.__errno  0x080034c4        0xc /usr/lib/gcc/arm-none-eabi/16.2.0/../../../../arm-none-eabi/lib/thumb/v7e-m/nofp/libg_nano.a(libc_a-errno.o)
                0x080034c4                __errno
 .text.__libc_init_array
                0x080034d0       0x48 /usr/lib/gcc/arm-none-eabi/16.2.0/../../../../arm-none-eabi/lib/thumb/v7e-m/nofp/libg_nano.a(libc_a-init.o)
                0x080034d0                __libc_init_array
 .text.__retarget_lock_init_recursive
                0x08003518        0x2 /usr/lib/gcc/arm-none-eabi/16.2.0/../../../../arm-none-eabi/lib/thumb/v7e-m/nofp/libg_nano.a(libc_a-lock.o)
                0x08003518                __retarget_lock_init_recursive
 .text.__retarget_lock_acquire_recursive
                0x0800351a        0x2 /usr/lib/gcc/arm-none-eabi/16.2.0/../../../../arm-none-eabi/lib/thumb/v7e-m/nofp/libg_nano.a(libc_a-lock.o)
                0x0800351a                __retarget_lock_acquire_recursive
 .text.__retarget_lock_release_recursive
                0x0800351c        0x2 /usr/lib/gcc/arm-none-eabi/16.2.0/../../../../arm-none-eabi/lib/thumb/v7e-m/nofp/libg_nano.a(libc_a-lock.o)
                0x0800351c                __retarget_lock_release_recursive
 *fill*         0x0800351e        0x2 
 .text._free_r  0x08003520       0x98 /usr/lib/gcc/arm-none-eabi/16.2.0/../../../../arm-none-eabi/lib/thumb/v7e-m/nofp/libg_nano.a(libc_a-freer.o)
                0x08003520                _free_r
 .text.sbrk_aligned
                0x080035b8       0x44 /usr/lib/gcc/arm-none-eabi/16.2.0/../../../../arm-none-eabi/lib/thumb/v7e-m/nofp/libg_nano.a(libc_a-mallocr.o)
 .text._malloc_r
                0x080035fc      0x100 /usr/lib/gcc/arm-none-eabi/16.2.0/../../../../arm-none-eabi/lib/thumb/v7e-m/nofp/libg_nano.a(libc_a-mallocr.o)
                0x080035fc                _malloc_r
 .text.__malloc_lock
                0x080036fc        0xc /usr/lib/gcc/arm-none-eabi/16.2.0/../../../../arm-none-eabi/lib/thumb/v7e-m/nofp/libg_nano.a(libc_a-mlock.o)
                0x080036fc                __malloc_lock
 .text.__malloc_unlock
                0x08003708        0xc /usr/lib/gcc/arm-none-eabi/16.2.0/../../../../arm-none-eabi/lib/thumb/v7e-m/nofp/libg_nano.a(libc_a-mlock.o)
                0x08003708                __malloc_unlock
 .text.__sfputc_r
                0x08003714       0x28 /usr/lib/gcc/arm-none-eabi/16.2.0/../../../../arm-none-eabi/lib/thumb/v7e-m/nofp/libg_nano.a(libc_a-nano-vfprintf.o)
 .text.__sfputs_r
                0x0800373c       0x24 /usr/lib/gcc/arm-none-eabi/16.2.0/../../../../arm-none-eabi/lib/thumb/v7e-m/nofp/libg_nano.a(libc_a-nano-vfprintf.o)
                0x0800373c                __sfputs_r
 .text._vfprintf_r
                0x08003760      0x22c /usr/lib/gcc/arm-none-eabi/16.2.0/../../../../arm-none-eabi/lib/thumb/v7e-m/nofp/libg_nano.a(libc_a-nano-vfprintf.o)
                0x08003760                _vfiprintf_r
                0x08003760                _vfprintf_r
 .text._printf_common
                0x0800398c       0xd4 /usr/lib/gcc/arm-none-eabi/16.2.0/../../../../arm-none-eabi/lib/thumb/v7e-m/nofp/libg_nano.a(libc_a-nano-vfprintf_i.o)
                0x0800398c                _printf_common
 .text._printf_i
                0x08003a60      0x258 /usr/lib/gcc/arm-none-eabi/16.2.0/../../../../arm-none-eabi/lib/thumb/v7e-m/nofp/libg_nano.a(libc_a-nano-vfprintf_i.o)
                0x08003a60                _printf_i
 .text.__sflush_r
                0x08003cb8      0x104 /usr/lib/gcc/arm-none-eabi/16.2.0/../../../../arm-none-eabi/lib/thumb/v7e-m/nofp/libg_nano.a(libc_a-fflush.o)
                0x08003cb8                __sflush_r
 .text._fflush_r
                0x08003dbc       0x50 /usr/lib/gcc/arm-none-eabi/16.2.0/../../../../arm-none-eabi/lib/thumb/v7e-m/nofp/libg_nano.a(libc_a-fflush.o)
                0x08003dbc                _fflush_r
 .text.__swbuf_r
                0x08003e0c       0x7e /usr/lib/gcc/arm-none-eabi/16.2.0/../../../../arm-none-eabi/lib/thumb/v7e-m/nofp/libg_nano.a(libc_a-wbuf.o)
                0x08003e0c                __swbuf_r
 *fill*         0x08003e8a        0x2 
 .text.__swsetup_r
                0x08003e8c       0xa8 /usr/lib/gcc/arm-none-eabi/16.2.0/../../../../arm-none-eabi/lib/thumb/v7e-m/nofp/libg_nano.a(libc_a-wsetup.o)
                0x08003e8c                __swsetup_r
 .text._sbrk_r  0x08003f34       0x20 /usr/lib/gcc/arm-none-eabi/16.2.0/../../../../arm-none-eabi/lib/thumb/v7e-m/nofp/libg_nano.a(libc_a-sbrkr.o)
                0x08003f34                _sbrk_r
 .text.__swhatbuf_r
                0x08003f54       0x4c /usr/lib/gcc/arm-none-eabi/16.2.0/../../../../arm-none-eabi/lib/thumb/v7e-m/nofp/libg_nano.a(libc_a-makebuf.o)
                0x08003f54                __swhatbuf_r
 .text.__smakebuf_r
                0x08003fa0       0x72 /usr/lib/gcc/arm-none-eabi/16.2.0/../../../../arm-none-eabi/lib/thumb/v7e-m/nofp/libg_nano.a(libc_a-makebuf.o)
                0x08003fa0                __smakebuf_r
 *fill*         0x08004012        0x2 
 .text._fstat_r
                0x08004014       0x24 /usr/lib/gcc/arm-none-eabi/16.2.0/../../../../arm-none-eabi/lib/thumb/v7e-m/nofp/libg_nano.a(libc_a-fstatr.o)
                0x08004014                _fstat_r
 .text._isatty_r
                0x08004038       0x20 /usr/lib/gcc/arm-none-eabi/16.2.0/../../../../arm-none-eabi/lib/thumb/v7e-m/nofp/libg_nano.a(libc_a-isattyr.o)
                0x08004038                _isatty_r
 *(.glue_7)
 .glue_7        0x08004058        0x0 linker stubs
 *(.glue_7t)
 .glue_7t       0x08004058        0x0 linker stubs
 *(.eh_frame)
 .eh_frame      0x08004058        0x0 /usr/lib/gcc/arm-none-eabi/16.2.0/thumb/v7e-m/nofp/crtbegin.o
 *(.init)
 .init          0x08004058        0x4 /usr/lib/gcc/arm-none-eabi/16.2.0/thumb/v7e-m/nofp/crti.o
                0x08004058                _init
 .init          0x0800405c        0x8 /usr/lib/gcc/arm-none-eabi/16.2.0/thumb/v7e-m/nofp/crtn.o
 *(.fini)
 .fini          0x08004064        0x4 /usr/lib/gcc/arm-none-eabi/16.2.0/thumb/v7e-m/nofp/crti.o
                0x08004064                _fini
 .fini          0x08004068        0x8 /usr/lib/gcc/arm-none-eabi/16.2.0/thumb/v7e-m/nofp/crtn.o
                0x08004070                        . = ALIGN (0x8)
                0x08004070                        _etext = .

.vfp11_veneer   0x08004070        0x0
 .vfp11_veneer  0x08004070        0x0 linker stubs

.v4_bx          0x08004070        0x0
 .v4_bx         0x08004070        0x0 linker stubs

.iplt           0x08004070        0x0
 .iplt          0x08004070        0x0 /usr/lib/gcc/arm-none-eabi/16.2.0/thumb/v7e-m/nofp/crtbegin.o

.rodata         0x08004070      0x148
                0x08004070                        . = ALIGN (0x8)
 *(.rodata)
 .rodata        0x08004070       0x1c cmake/stm32cubemx/CMakeFiles/STM32_Drivers.dir/__/__/Drivers/STM32WLxx_HAL_Driver/Src/stm32wlxx_hal_rcc.c.obj
 .rodata        0x0800408c       0x1b CMakeFiles/LoRaX.dir/Src/main.c.obj
 *(.rodata*)
 *fill*         0x080040a7        0x1 
 .rodata.AHBPrescTable
                0x080040a8       0x40 cmake/stm32cubemx/CMakeFiles/STM32_Drivers.dir/__/__/Src/system_stm32wlxx.c.obj
                0x080040a8                AHBPrescTable
 .rodata.APBPrescTable
                0x080040e8       0x20 cmake/stm32cubemx/CMakeFiles/STM32_Drivers.dir/__/__/Src/system_stm32wlxx.c.obj
                0x080040e8                APBPrescTable
 .rodata.MSIRangeTable
                0x08004108       0x40 cmake/stm32cubemx/CMakeFiles/STM32_Drivers.dir/__/__/Src/system_stm32wlxx.c.obj
                0x08004108                MSIRangeTable
 .rodata.UARTPrescTable
                0x08004148       0x18 cmake/stm32cubemx/CMakeFiles/STM32_Drivers.dir/__/__/Drivers/STM32WLxx_HAL_Driver/Src/stm32wlxx_hal_uart.c.obj
                0x08004148                UARTPrescTable
 .rodata.LED_PIN
                0x08004160        0x6 cmake/stm32cubemx/CMakeFiles/STM32_Drivers.dir/__/__/Drivers/BSP/STM32WLxx_Nucleo/stm32wlxx_nucleo.c.obj
 *fill*         0x08004166        0x2 
 .rodata.BUTTON_PIN
                0x08004168        0x6 cmake/stm32cubemx/CMakeFiles/STM32_Drivers.dir/__/__/Drivers/BSP/STM32WLxx_Nucleo/stm32wlxx_nucleo.c.obj
 *fill*         0x0800416e        0x2 
 .rodata.BUTTON_IRQn
                0x08004170        0x3 cmake/stm32cubemx/CMakeFiles/STM32_Drivers.dir/__/__/Drivers/BSP/STM32WLxx_Nucleo/stm32wlxx_nucleo.c.obj
 *fill*         0x08004173        0x1 
 .rodata.button_exti_line.2
                0x08004174        0xc cmake/stm32cubemx/CMakeFiles/STM32_Drivers.dir/__/__/Drivers/BSP/STM32WLxx_Nucleo/stm32wlxx_nucleo.c.obj
 .rodata._vfprintf_r.str1.1
                0x08004180       0x33 /usr/lib/gcc/arm-none-eabi/16.2.0/../../../../arm-none-eabi/lib/thumb/v7e-m/nofp/libg_nano.a(libc_a-nano-vfprintf.o)
                                 0x11 (size before relaxing)
 .rodata._printf_i.str1.1
                0x080041b3        0x0 /usr/lib/gcc/arm-none-eabi/16.2.0/../../../../arm-none-eabi/lib/thumb/v7e-m/nofp/libg_nano.a(libc_a-nano-vfprintf_i.o)
                                 0x22 (size before relaxing)
                0x080041b8                        . = ALIGN (0x8)
 *fill*         0x080041b3        0x5 

.ARM.extab      0x080041b8        0x0
                0x080041b8                        . = ALIGN (0x8)
 *(.ARM.extab* .gnu.linkonce.armextab.*)
                0x080041b8                        . = ALIGN (0x8)

.ARM            0x080041b8        0x8
                0x080041b8                        . = ALIGN (0x8)
                0x080041b8                        __exidx_start = .
 *(.ARM.exidx*)
 .ARM.exidx     0x080041b8        0x8 /usr/lib/gcc/arm-none-eabi/16.2.0/../../../../arm-none-eabi/lib/thumb/v7e-m/nofp/libg_nano.a(libc_a-memchr.o)
 .ARM.exidx.text.__udivmoddi4
                0x080041c0        0x0 /usr/lib/gcc/arm-none-eabi/16.2.0/thumb/v7e-m/nofp/libgcc.a(_udivmoddi4.o)
                                  0x8 (size before relaxing)
                0x080041c0                        __exidx_end = .
                0x080041c0                        . = ALIGN (0x8)

.preinit_array  0x080041c0        0x0
                0x080041c0                        . = ALIGN (0x8)
                0x080041c0                        PROVIDE (__preinit_array_start = .)
 *(.preinit_array*)
                0x080041c0                        PROVIDE (__preinit_array_end = .)
                0x080041c0                        . = ALIGN (0x8)

.init_array     0x080041c0        0x8
                0x080041c0                        . = ALIGN (0x8)
                0x080041c0                        PROVIDE (__init_array_start = .)
 *(SORT_BY_NAME(.init_array.*))
 *(.init_array*)
 .init_array    0x080041c0        0x4 /usr/lib/gcc/arm-none-eabi/16.2.0/thumb/v7e-m/nofp/crtbegin.o
                0x080041c4                        PROVIDE (__init_array_end = .)
                0x080041c8                        . = ALIGN (0x8)
 *fill*         0x080041c4        0x4 

.fini_array     0x080041c8        0x8
                0x080041c8                        . = ALIGN (0x8)
                0x080041c8                        PROVIDE (__fini_array_start = .)
 *(SORT_BY_NAME(.fini_array.*))
 *(.fini_array*)
 .fini_array    0x080041c8        0x4 /usr/lib/gcc/arm-none-eabi/16.2.0/thumb/v7e-m/nofp/crtbegin.o
                0x080041cc                        PROVIDE (__fini_array_end = .)
                0x080041d0                        . = ALIGN (0x8)
 *fill*         0x080041cc        0x4 
                0x080041d0                        _sidata = LOADADDR (.data)

.rel.dyn        0x080041d0        0x0
 .rel.iplt      0x080041d0        0x0 /usr/lib/gcc/arm-none-eabi/16.2.0/thumb/v7e-m/nofp/crtbegin.o

.data           0x20000000       0xa0 load address 0x080041d0
                0x20000000                        . = ALIGN (0x8)
                0x20000000                        _sdata = .
 *(.data)
 *(.data*)
 .data.SystemCoreClock
                0x20000000        0x4 cmake/stm32cubemx/CMakeFiles/STM32_Drivers.dir/__/__/Src/system_stm32wlxx.c.obj
                0x20000000                SystemCoreClock
 .data.uwTickPrio
                0x20000004        0x4 cmake/stm32cubemx/CMakeFiles/STM32_Drivers.dir/__/__/Drivers/STM32WLxx_HAL_Driver/Src/stm32wlxx_hal.c.obj
                0x20000004                uwTickPrio
 .data.uwTickFreq
                0x20000008        0x1 cmake/stm32cubemx/CMakeFiles/STM32_Drivers.dir/__/__/Drivers/STM32WLxx_HAL_Driver/Src/stm32wlxx_hal.c.obj
                0x20000008                uwTickFreq
 *fill*         0x20000009        0x3 
 .data.LED_PORT
                0x2000000c        0xc cmake/stm32cubemx/CMakeFiles/STM32_Drivers.dir/__/__/Drivers/BSP/STM32WLxx_Nucleo/stm32wlxx_nucleo.c.obj
 .data.BUTTON_PORT
                0x20000018        0xc cmake/stm32cubemx/CMakeFiles/STM32_Drivers.dir/__/__/Drivers/BSP/STM32WLxx_Nucleo/stm32wlxx_nucleo.c.obj
 .data.COM_USART
                0x20000024        0x4 cmake/stm32cubemx/CMakeFiles/STM32_Drivers.dir/__/__/Drivers/BSP/STM32WLxx_Nucleo/stm32wlxx_nucleo.c.obj
 .data.button_callback.1
                0x20000028        0xc cmake/stm32cubemx/CMakeFiles/STM32_Drivers.dir/__/__/Drivers/BSP/STM32WLxx_Nucleo/stm32wlxx_nucleo.c.obj
 .data.button_interrupt_priority.0
                0x20000034        0xc cmake/stm32cubemx/CMakeFiles/STM32_Drivers.dir/__/__/Drivers/BSP/STM32WLxx_Nucleo/stm32wlxx_nucleo.c.obj
 .data.delay    0x20000040        0x4 CMakeFiles/LoRaX.dir/Src/main.c.obj
 .data.__sglue  0x20000044        0xc /usr/lib/gcc/arm-none-eabi/16.2.0/../../../../arm-none-eabi/lib/thumb/v7e-m/nofp/libg_nano.a(libc_a-findfp.o)
                0x20000044                __sglue
 .data._impure_ptr
                0x20000050        0x4 /usr/lib/gcc/arm-none-eabi/16.2.0/../../../../arm-none-eabi/lib/thumb/v7e-m/nofp/libg_nano.a(libc_a-impure.o)
                0x20000050                _impure_ptr
 .data._impure_data
                0x20000054       0x4c /usr/lib/gcc/arm-none-eabi/16.2.0/../../../../arm-none-eabi/lib/thumb/v7e-m/nofp/libg_nano.a(libc_a-impure.o)
                0x20000054                _impure_data
                0x200000a0                        . = ALIGN (0x8)

.igot.plt       0x200000a0        0x0 load address 0x08004270
 .igot.plt      0x200000a0        0x0 /usr/lib/gcc/arm-none-eabi/16.2.0/thumb/v7e-m/nofp/crtbegin.o

.tdata          0x200000a0        0x0 load address 0x08004270
 *(.tdata .tdata.* .gnu.linkonce.td.*)
                0x200000a0                        . = ALIGN (0x4)
                0x200000a0                        _edata = .
                [!provide]                        PROVIDE (__data_end = .)
                [!provide]                        PROVIDE (__tdata_end = .)
                [!provide]                        PROVIDE (__tdata_start = ADDR (.tdata))
                [!provide]                        PROVIDE (__tdata_size = (__tdata_end - __tdata_start))
                [!provide]                        PROVIDE (__data_start = ADDR (.data))
                [!provide]                        PROVIDE (__data_size = (__data_end - __data_start))
                [!provide]                        PROVIDE (__tdata_source = LOADADDR (.tdata))
                [!provide]                        PROVIDE (__tdata_source_end = (LOADADDR (.tdata) + SIZEOF (.tdata)))
                [!provide]                        PROVIDE (__tdata_source_size = (__tdata_source_end - __tdata_source))
                [!provide]                        PROVIDE (__data_source = LOADADDR (.data))
                [!provide]                        PROVIDE (__data_source_end = __tdata_source_end)
                [!provide]                        PROVIDE (__data_source_size = (__data_source_end - __data_source))
                0x200000a0                        . = ALIGN (0x8)

.tbss           0x200000a0        0x0 load address 0x08004270
                0x200000a0                        _sbss = .
                0x200000a0                        __bss_start__ = _sbss
 *(.tbss .tbss.*)
                0x200000a0                        . = ALIGN (0x4)
                [!provide]                        PROVIDE (__tbss_end = .)
                [!provide]                        PROVIDE (__tbss_start = ADDR (.tbss))
                [!provide]                        PROVIDE (__tbss_size = (__tbss_end - __tbss_start))
                [!provide]                        PROVIDE (__tbss_offset = (ADDR (.tbss) - ADDR (.tdata)))
                [!provide]                        PROVIDE (__tls_base = __tdata_start)
                [!provide]                        PROVIDE (__tls_end = __tbss_end)
                [!provide]                        PROVIDE (__tls_size = (__tls_end - __tls_base))
                [!provide]                        PROVIDE (__tls_align = MAX (ALIGNOF (.tdata), ALIGNOF (.tbss)))
                [!provide]                        PROVIDE (__tls_size_align = (((__tls_size + __tls_align) - 0x1) & ~ ((__tls_align - 0x1))))
                [!provide]                        PROVIDE (__arm32_tls_tcb_offset = MAX (0x8, __tls_align))
                [!provide]                        PROVIDE (__arm64_tls_tcb_offset = MAX (0x10, __tls_align))

.bss            0x200000a0      0x230 load address 0x08004270
 *(.bss)
 *(.bss*)
 .bss.completed.1
                0x200000a0        0x1 /usr/lib/gcc/arm-none-eabi/16.2.0/thumb/v7e-m/nofp/crtbegin.o
 *fill*         0x200000a1        0x3 
 .bss.object.0  0x200000a4       0x18 /usr/lib/gcc/arm-none-eabi/16.2.0/thumb/v7e-m/nofp/crtbegin.o
 .bss.uwTick    0x200000bc        0x4 cmake/stm32cubemx/CMakeFiles/STM32_Drivers.dir/__/__/Drivers/STM32WLxx_HAL_Driver/Src/stm32wlxx_hal.c.obj
                0x200000bc                uwTick
 .bss.hpb_exti  0x200000c0       0x18 cmake/stm32cubemx/CMakeFiles/STM32_Drivers.dir/__/__/Drivers/BSP/STM32WLxx_Nucleo/stm32wlxx_nucleo.c.obj
                0x200000c0                hpb_exti
 .bss.hcom_uart
                0x200000d8       0x94 cmake/stm32cubemx/CMakeFiles/STM32_Drivers.dir/__/__/Drivers/BSP/STM32WLxx_Nucleo/stm32wlxx_nucleo.c.obj
                0x200000d8                hcom_uart
 .bss.COM_ActiveLogPort
                0x2000016c        0x1 cmake/stm32cubemx/CMakeFiles/STM32_Drivers.dir/__/__/Drivers/BSP/STM32WLxx_Nucleo/stm32wlxx_nucleo.c.obj
 *fill*         0x2000016d        0x3 
 .bss.BspCOMInit
                0x20000170       0x10 CMakeFiles/LoRaX.dir/Src/main.c.obj
                0x20000170                BspCOMInit
 .bss.__sbrk_heap_end
                0x20000180        0x4 CMakeFiles/LoRaX.dir/Src/sysmem.c.obj
 .bss.__sf      0x20000184      0x138 /usr/lib/gcc/arm-none-eabi/16.2.0/../../../../arm-none-eabi/lib/thumb/v7e-m/nofp/libg_nano.a(libc_a-findfp.o)
                0x20000184                __sf
 .bss.__stdio_exit_handler
                0x200002bc        0x4 /usr/lib/gcc/arm-none-eabi/16.2.0/../../../../arm-none-eabi/lib/thumb/v7e-m/nofp/libg_nano.a(libc_a-findfp.o)
                0x200002bc                __stdio_exit_handler
 .bss.errno     0x200002c0        0x4 /usr/lib/gcc/arm-none-eabi/16.2.0/../../../../arm-none-eabi/lib/thumb/v7e-m/nofp/libg_nano.a(libc_a-reent.o)
                0x200002c0                errno
 .bss.__lock___malloc_recursive_mutex
                0x200002c4        0x1 /usr/lib/gcc/arm-none-eabi/16.2.0/../../../../arm-none-eabi/lib/thumb/v7e-m/nofp/libg_nano.a(libc_a-lock.o)
                0x200002c4                __lock___malloc_recursive_mutex
 .bss.__lock___sfp_recursive_mutex
                0x200002c5        0x1 /usr/lib/gcc/arm-none-eabi/16.2.0/../../../../arm-none-eabi/lib/thumb/v7e-m/nofp/libg_nano.a(libc_a-lock.o)
                0x200002c5                __lock___sfp_recursive_mutex
 *fill*         0x200002c6        0x2 
 .bss.__malloc_sbrk_start
                0x200002c8        0x4 /usr/lib/gcc/arm-none-eabi/16.2.0/../../../../arm-none-eabi/lib/thumb/v7e-m/nofp/libg_nano.a(libc_a-mallocr.o)
                0x200002c8                __malloc_sbrk_start
 .bss.__malloc_free_list
                0x200002cc        0x4 /usr/lib/gcc/arm-none-eabi/16.2.0/../../../../arm-none-eabi/lib/thumb/v7e-m/nofp/libg_nano.a(libc_a-mallocr.o)
                0x200002cc                __malloc_free_list
 *(COMMON)
                0x200002d0                        . = ALIGN (0x8)
                0x200002d0                        . = ALIGN (0x4)
                0x200002d0                        _ebss = .
                0x200002d0                        __bss_end__ = _ebss
                [!provide]                        PROVIDE (__bss_end = .)
                [!provide]                        PROVIDE (__non_tls_bss_start = ADDR (.bss))
                [!provide]                        PROVIDE (__bss_start = __tbss_start)
                [!provide]                        PROVIDE (__bss_size = (__bss_end - __bss_start))
                0x200002d0                        . = ALIGN (0x8)

RAM1_region     0x200002d0        0x0 load address 0x08004270
                0x200002d0                        _sRAM1_region = .
 *(.RAM1_region)
                0x200002d0                        . = ALIGN (0x8)
                0x200002d0                        _eRAM1_region = .
                0x200002d0                        . = ALIGN (0x8)

RAM2_region     0x20008000        0x0
                0x20008000                        _sRAM2_region = .
 *(.RAM2_region)
                0x20008000                        . = ALIGN (0x8)
                0x20008000                        _eRAM2_region = .

._user_heap_stack
                0x200002d0      0x600
                0x200002d0                        . = ALIGN (0x8)
                [!provide]                        PROVIDE (end = .)
                0x200002d0                        PROVIDE (_end = .)
                0x200004d0                        . = (. + _Min_Heap_Size)
 *fill*         0x200002d0      0x200 
                0x200008d0                        . = (. + _Min_Stack_Size)
 *fill*         0x200004d0      0x400 
                0x200008d0                        . = ALIGN (0x8)

/DISCARD/
 libc.a:*(*)
 libm.a:*(*)
 libgcc.a:*(*)

.ARM.attributes
                0x00000000       0x2a
 *(.ARM.attributes)
 .ARM.attributes
                0x00000000       0x1e /usr/lib/gcc/arm-none-eabi/16.2.0/thumb/v7e-m/nofp/crti.o
 .ARM.attributes
                0x0000001e       0x2e /usr/lib/gcc/arm-none-eabi/16.2.0/thumb/v7e-m/nofp/crtbegin.o
 .ARM.attributes
                0x0000004c       0x2e cmake/stm32cubemx/CMakeFiles/STM32_Drivers.dir/__/__/Src/system_stm32wlxx.c.obj
 .ARM.attributes
                0x0000007a       0x2e cmake/stm32cubemx/CMakeFiles/STM32_Drivers.dir/__/__/Drivers/STM32WLxx_HAL_Driver/Src/stm32wlxx_hal_rcc.c.obj
 .ARM.attributes
                0x000000a8       0x2e cmake/stm32cubemx/CMakeFiles/STM32_Drivers.dir/__/__/Drivers/STM32WLxx_HAL_Driver/Src/stm32wlxx_hal_gpio.c.obj
 .ARM.attributes
                0x000000d6       0x2e cmake/stm32cubemx/CMakeFiles/STM32_Drivers.dir/__/__/Drivers/STM32WLxx_HAL_Driver/Src/stm32wlxx_hal_pwr.c.obj
 .ARM.attributes
                0x00000104       0x2e cmake/stm32cubemx/CMakeFiles/STM32_Drivers.dir/__/__/Drivers/STM32WLxx_HAL_Driver/Src/stm32wlxx_hal_pwr_ex.c.obj
 .ARM.attributes
                0x00000132       0x2e cmake/stm32cubemx/CMakeFiles/STM32_Drivers.dir/__/__/Drivers/STM32WLxx_HAL_Driver/Src/stm32wlxx_hal_cortex.c.obj
 .ARM.attributes
                0x00000160       0x2e cmake/stm32cubemx/CMakeFiles/STM32_Drivers.dir/__/__/Drivers/STM32WLxx_HAL_Driver/Src/stm32wlxx_hal.c.obj
 .ARM.attributes
                0x0000018e       0x2e cmake/stm32cubemx/CMakeFiles/STM32_Drivers.dir/__/__/Drivers/STM32WLxx_HAL_Driver/Src/stm32wlxx_hal_exti.c.obj
 .ARM.attributes
                0x000001bc       0x2e cmake/stm32cubemx/CMakeFiles/STM32_Drivers.dir/__/__/Drivers/STM32WLxx_HAL_Driver/Src/stm32wlxx_hal_uart.c.obj
 .ARM.attributes
                0x000001ea       0x2e cmake/stm32cubemx/CMakeFiles/STM32_Drivers.dir/__/__/Drivers/BSP/STM32WLxx_Nucleo/stm32wlxx_nucleo.c.obj
 .ARM.attributes
                0x00000218       0x2e CMakeFiles/LoRaX.dir/Src/main.c.obj
 .ARM.attributes
                0x00000246       0x2e CMakeFiles/LoRaX.dir/Src/stm32wlxx_it.c.obj
 .ARM.attributes
                0x00000274       0x2e CMakeFiles/LoRaX.dir/Src/stm32wlxx_hal_msp.c.obj
 .ARM.attributes
                0x000002a2       0x2e CMakeFiles/LoRaX.dir/Src/sysmem.c.obj
 .ARM.attributes
                0x000002d0       0x2e CMakeFiles/LoRaX.dir/Src/syscalls.c.obj
 .ARM.attributes
                0x000002fe       0x21 CMakeFiles/LoRaX.dir/startup_stm32wl55xx_cm4.s.obj
 .ARM.attributes
                0x0000031f       0x1e /usr/lib/gcc/arm-none-eabi/16.2.0/thumb/v7e-m/nofp/libgcc.a(_aeabi_uldivmod.o)
 .ARM.attributes
                0x0000033d       0x2e /usr/lib/gcc/arm-none-eabi/16.2.0/thumb/v7e-m/nofp/libgcc.a(_udivmoddi4.o)
 .ARM.attributes
                0x0000036b       0x1e /usr/lib/gcc/arm-none-eabi/16.2.0/thumb/v7e-m/nofp/libgcc.a(_dvmd_tls.o)
 .ARM.attributes
                0x00000389       0x2e /usr/lib/gcc/arm-none-eabi/16.2.0/../../../../arm-none-eabi/lib/thumb/v7e-m/nofp/libg_nano.a(libc_a-findfp.o)
 .ARM.attributes
                0x000003b7       0x2e /usr/lib/gcc/arm-none-eabi/16.2.0/../../../../arm-none-eabi/lib/thumb/v7e-m/nofp/libg_nano.a(libc_a-fwalk.o)
 .ARM.attributes
                0x000003e5       0x2e /usr/lib/gcc/arm-none-eabi/16.2.0/../../../../arm-none-eabi/lib/thumb/v7e-m/nofp/libg_nano.a(libc_a-printf.o)
 .ARM.attributes
                0x00000413       0x2e /usr/lib/gcc/arm-none-eabi/16.2.0/../../../../arm-none-eabi/lib/thumb/v7e-m/nofp/libg_nano.a(libc_a-stdio.o)
 .ARM.attributes
                0x00000441       0x2e /usr/lib/gcc/arm-none-eabi/16.2.0/../../../../arm-none-eabi/lib/thumb/v7e-m/nofp/libg_nano.a(libc_a-memset.o)
 .ARM.attributes
                0x0000046f       0x2e /usr/lib/gcc/arm-none-eabi/16.2.0/../../../../arm-none-eabi/lib/thumb/v7e-m/nofp/libg_nano.a(libc_a-closer.o)
 .ARM.attributes
                0x0000049d       0x2e /usr/lib/gcc/arm-none-eabi/16.2.0/../../../../arm-none-eabi/lib/thumb/v7e-m/nofp/libg_nano.a(libc_a-reent.o)
 .ARM.attributes
                0x000004cb       0x2e /usr/lib/gcc/arm-none-eabi/16.2.0/../../../../arm-none-eabi/lib/thumb/v7e-m/nofp/libg_nano.a(libc_a-impure.o)
 .ARM.attributes
                0x000004f9       0x2e /usr/lib/gcc/arm-none-eabi/16.2.0/../../../../arm-none-eabi/lib/thumb/v7e-m/nofp/libg_nano.a(libc_a-lseekr.o)
 .ARM.attributes
                0x00000527       0x2e /usr/lib/gcc/arm-none-eabi/16.2.0/../../../../arm-none-eabi/lib/thumb/v7e-m/nofp/libg_nano.a(libc_a-readr.o)
 .ARM.attributes
                0x00000555       0x2e /usr/lib/gcc/arm-none-eabi/16.2.0/../../../../arm-none-eabi/lib/thumb/v7e-m/nofp/libg_nano.a(libc_a-writer.o)
 .ARM.attributes
                0x00000583       0x2e /usr/lib/gcc/arm-none-eabi/16.2.0/../../../../arm-none-eabi/lib/thumb/v7e-m/nofp/libg_nano.a(libc_a-errno.o)
 .ARM.attributes
                0x000005b1       0x2e /usr/lib/gcc/arm-none-eabi/16.2.0/../../../../arm-none-eabi/lib/thumb/v7e-m/nofp/libg_nano.a(libc_a-init.o)
 .ARM.attributes
                0x000005df       0x2e /usr/lib/gcc/arm-none-eabi/16.2.0/../../../../arm-none-eabi/lib/thumb/v7e-m/nofp/libg_nano.a(libc_a-lock.o)
 .ARM.attributes
                0x0000060d       0x2e /usr/lib/gcc/arm-none-eabi/16.2.0/../../../../arm-none-eabi/lib/thumb/v7e-m/nofp/libg_nano.a(libc_a-freer.o)
 .ARM.attributes
                0x0000063b       0x2e /usr/lib/gcc/arm-none-eabi/16.2.0/../../../../arm-none-eabi/lib/thumb/v7e-m/nofp/libg_nano.a(libc_a-mallocr.o)
 .ARM.attributes
                0x00000669       0x2e /usr/lib/gcc/arm-none-eabi/16.2.0/../../../../arm-none-eabi/lib/thumb/v7e-m/nofp/libg_nano.a(libc_a-mlock.o)
 .ARM.attributes
                0x00000697       0x2e /usr/lib/gcc/arm-none-eabi/16.2.0/../../../../arm-none-eabi/lib/thumb/v7e-m/nofp/libg_nano.a(libc_a-nano-vfprintf.o)
 .ARM.attributes
                0x000006c5       0x2e /usr/lib/gcc/arm-none-eabi/16.2.0/../../../../arm-none-eabi/lib/thumb/v7e-m/nofp/libg_nano.a(libc_a-nano-vfprintf_i.o)
 .ARM.attributes
                0x000006f3       0x2e /usr/lib/gcc/arm-none-eabi/16.2.0/../../../../arm-none-eabi/lib/thumb/v7e-m/nofp/libg_nano.a(libc_a-fflush.o)
 .ARM.attributes
                0x00000721       0x2e /usr/lib/gcc/arm-none-eabi/16.2.0/../../../../arm-none-eabi/lib/thumb/v7e-m/nofp/libg_nano.a(libc_a-wbuf.o)
 .ARM.attributes
                0x0000074f       0x2e /usr/lib/gcc/arm-none-eabi/16.2.0/../../../../arm-none-eabi/lib/thumb/v7e-m/nofp/libg_nano.a(libc_a-wsetup.o)
 .ARM.attributes
                0x0000077d       0x2e /usr/lib/gcc/arm-none-eabi/16.2.0/../../../../arm-none-eabi/lib/thumb/v7e-m/nofp/libg_nano.a(libc_a-sbrkr.o)
 .ARM.attributes
                0x000007ab       0x1c /usr/lib/gcc/arm-none-eabi/16.2.0/../../../../arm-none-eabi/lib/thumb/v7e-m/nofp/libg_nano.a(libc_a-memchr.o)
 .ARM.attributes
                0x000007c7       0x2e /usr/lib/gcc/arm-none-eabi/16.2.0/../../../../arm-none-eabi/lib/thumb/v7e-m/nofp/libg_nano.a(libc_a-makebuf.o)
 .ARM.attributes
                0x000007f5       0x2e /usr/lib/gcc/arm-none-eabi/16.2.0/../../../../arm-none-eabi/lib/thumb/v7e-m/nofp/libg_nano.a(libc_a-fstatr.o)
 .ARM.attributes
                0x00000823       0x2e /usr/lib/gcc/arm-none-eabi/16.2.0/../../../../arm-none-eabi/lib/thumb/v7e-m/nofp/libg_nano.a(libc_a-isattyr.o)
 .ARM.attributes
                0x00000851       0x1e /usr/lib/gcc/arm-none-eabi/16.2.0/thumb/v7e-m/nofp/crtn.o
OUTPUT(LoRaX.elf elf32-littlearm)
LOAD linker stubs

.debug_info     0x00000000    0x1b8f2
 .debug_info    0x00000000      0x515 cmake/stm32cubemx/CMakeFiles/STM32_Drivers.dir/__/__/Src/system_stm32wlxx.c.obj
 .debug_info    0x00000515     0x13f4 cmake/stm32cubemx/CMakeFiles/STM32_Drivers.dir/__/__/Drivers/STM32WLxx_HAL_Driver/Src/stm32wlxx_hal_rcc.c.obj
 .debug_info    0x00001909      0x717 cmake/stm32cubemx/CMakeFiles/STM32_Drivers.dir/__/__/Drivers/STM32WLxx_HAL_Driver/Src/stm32wlxx_hal_gpio.c.obj
 .debug_info    0x00002020      0x8ed cmake/stm32cubemx/CMakeFiles/STM32_Drivers.dir/__/__/Drivers/STM32WLxx_HAL_Driver/Src/stm32wlxx_hal_pwr.c.obj
 .debug_info    0x0000290d      0xdec cmake/stm32cubemx/CMakeFiles/STM32_Drivers.dir/__/__/Drivers/STM32WLxx_HAL_Driver/Src/stm32wlxx_hal_pwr_ex.c.obj
 .debug_info    0x000036f9      0xd39 cmake/stm32cubemx/CMakeFiles/STM32_Drivers.dir/__/__/Drivers/STM32WLxx_HAL_Driver/Src/stm32wlxx_hal_cortex.c.obj
 .debug_info    0x00004432     0x116a cmake/stm32cubemx/CMakeFiles/STM32_Drivers.dir/__/__/Drivers/STM32WLxx_HAL_Driver/Src/stm32wlxx_hal.c.obj
 .debug_info    0x0000559c      0x7d4 cmake/stm32cubemx/CMakeFiles/STM32_Drivers.dir/__/__/Drivers/STM32WLxx_HAL_Driver/Src/stm32wlxx_hal_exti.c.obj
 .debug_info    0x00005d70     0x4a46 cmake/stm32cubemx/CMakeFiles/STM32_Drivers.dir/__/__/Drivers/STM32WLxx_HAL_Driver/Src/stm32wlxx_hal_uart.c.obj
 .debug_info    0x0000a7b6     0x17f2 cmake/stm32cubemx/CMakeFiles/STM32_Drivers.dir/__/__/Drivers/BSP/STM32WLxx_Nucleo/stm32wlxx_nucleo.c.obj
 .debug_info    0x0000bfa8      0xd3a CMakeFiles/LoRaX.dir/Src/main.c.obj
 .debug_info    0x0000cce2      0x1cc CMakeFiles/LoRaX.dir/Src/stm32wlxx_it.c.obj
 .debug_info    0x0000ceae       0xd5 CMakeFiles/LoRaX.dir/Src/stm32wlxx_hal_msp.c.obj
 .debug_info    0x0000cf83      0x168 CMakeFiles/LoRaX.dir/Src/sysmem.c.obj
 .debug_info    0x0000d0eb      0x6b4 CMakeFiles/LoRaX.dir/Src/syscalls.c.obj
 .debug_info    0x0000d79f       0x30 CMakeFiles/LoRaX.dir/startup_stm32wl55xx_cm4.s.obj
 .debug_info    0x0000d7cf       0x24 /usr/lib/gcc/arm-none-eabi/16.2.0/thumb/v7e-m/nofp/libgcc.a(_aeabi_uldivmod.o)
 .debug_info    0x0000d7f3      0x6fc /usr/lib/gcc/arm-none-eabi/16.2.0/thumb/v7e-m/nofp/libgcc.a(_udivmoddi4.o)
 .debug_info    0x0000deef       0x3c /usr/lib/gcc/arm-none-eabi/16.2.0/thumb/v7e-m/nofp/libgcc.a(_dvmd_tls.o)
 .debug_info    0x0000df2b      0xfbf /usr/lib/gcc/arm-none-eabi/16.2.0/../../../../arm-none-eabi/lib/thumb/v7e-m/nofp/libg_nano.a(libc_a-findfp.o)
 .debug_info    0x0000eeea      0x7d7 /usr/lib/gcc/arm-none-eabi/16.2.0/../../../../arm-none-eabi/lib/thumb/v7e-m/nofp/libg_nano.a(libc_a-fwalk.o)
 .debug_info    0x0000f6c1      0x846 /usr/lib/gcc/arm-none-eabi/16.2.0/../../../../arm-none-eabi/lib/thumb/v7e-m/nofp/libg_nano.a(libc_a-printf.o)
 .debug_info    0x0000ff07      0xa95 /usr/lib/gcc/arm-none-eabi/16.2.0/../../../../arm-none-eabi/lib/thumb/v7e-m/nofp/libg_nano.a(libc_a-stdio.o)
 .debug_info    0x0001099c       0xe5 /usr/lib/gcc/arm-none-eabi/16.2.0/../../../../arm-none-eabi/lib/thumb/v7e-m/nofp/libg_nano.a(libc_a-memset.o)
 .debug_info    0x00010a81      0x762 /usr/lib/gcc/arm-none-eabi/16.2.0/../../../../arm-none-eabi/lib/thumb/v7e-m/nofp/libg_nano.a(libc_a-closer.o)
 .debug_info    0x000111e3      0x8a6 /usr/lib/gcc/arm-none-eabi/16.2.0/../../../../arm-none-eabi/lib/thumb/v7e-m/nofp/libg_nano.a(libc_a-reent.o)
 .debug_info    0x00011a89      0x71a /usr/lib/gcc/arm-none-eabi/16.2.0/../../../../arm-none-eabi/lib/thumb/v7e-m/nofp/libg_nano.a(libc_a-impure.o)
 .debug_info    0x000121a3      0x7ad /usr/lib/gcc/arm-none-eabi/16.2.0/../../../../arm-none-eabi/lib/thumb/v7e-m/nofp/libg_nano.a(libc_a-lseekr.o)
 .debug_info    0x00012950      0x7c4 /usr/lib/gcc/arm-none-eabi/16.2.0/../../../../arm-none-eabi/lib/thumb/v7e-m/nofp/libg_nano.a(libc_a-readr.o)
 .debug_info    0x00013114      0x7ca /usr/lib/gcc/arm-none-eabi/16.2.0/../../../../arm-none-eabi/lib/thumb/v7e-m/nofp/libg_nano.a(libc_a-writer.o)
 .debug_info    0x000138de      0x700 /usr/lib/gcc/arm-none-eabi/16.2.0/../../../../arm-none-eabi/lib/thumb/v7e-m/nofp/libg_nano.a(libc_a-errno.o)
 .debug_info    0x00013fde      0x110 /usr/lib/gcc/arm-none-eabi/16.2.0/../../../../arm-none-eabi/lib/thumb/v7e-m/nofp/libg_nano.a(libc_a-init.o)
 .debug_info    0x000140ee      0x21d /usr/lib/gcc/arm-none-eabi/16.2.0/../../../../arm-none-eabi/lib/thumb/v7e-m/nofp/libg_nano.a(libc_a-lock.o)
 .debug_info    0x0001430b      0x845 /usr/lib/gcc/arm-none-eabi/16.2.0/../../../../arm-none-eabi/lib/thumb/v7e-m/nofp/libg_nano.a(libc_a-freer.o)
 .debug_info    0x00014b50      0x9c1 /usr/lib/gcc/arm-none-eabi/16.2.0/../../../../arm-none-eabi/lib/thumb/v7e-m/nofp/libg_nano.a(libc_a-mallocr.o)
 .debug_info    0x00015511      0x770 /usr/lib/gcc/arm-none-eabi/16.2.0/../../../../arm-none-eabi/lib/thumb/v7e-m/nofp/libg_nano.a(libc_a-mlock.o)
 .debug_info    0x00015c81     0x1099 /usr/lib/gcc/arm-none-eabi/16.2.0/../../../../arm-none-eabi/lib/thumb/v7e-m/nofp/libg_nano.a(libc_a-nano-vfprintf.o)
 .debug_info    0x00016d1a      0xdf2 /usr/lib/gcc/arm-none-eabi/16.2.0/../../../../arm-none-eabi/lib/thumb/v7e-m/nofp/libg_nano.a(libc_a-nano-vfprintf_i.o)
 .debug_info    0x00017b0c      0x9f4 /usr/lib/gcc/arm-none-eabi/16.2.0/../../../../arm-none-eabi/lib/thumb/v7e-m/nofp/libg_nano.a(libc_a-fflush.o)
 .debug_info    0x00018500      0x879 /usr/lib/gcc/arm-none-eabi/16.2.0/../../../../arm-none-eabi/lib/thumb/v7e-m/nofp/libg_nano.a(libc_a-wbuf.o)
 .debug_info    0x00018d79      0x7c0 /usr/lib/gcc/arm-none-eabi/16.2.0/../../../../arm-none-eabi/lib/thumb/v7e-m/nofp/libg_nano.a(libc_a-wsetup.o)
 .debug_info    0x00019539      0x787 /usr/lib/gcc/arm-none-eabi/16.2.0/../../../../arm-none-eabi/lib/thumb/v7e-m/nofp/libg_nano.a(libc_a-sbrkr.o)
 .debug_info    0x00019cc0       0x25 /usr/lib/gcc/arm-none-eabi/16.2.0/../../../../arm-none-eabi/lib/thumb/v7e-m/nofp/libg_nano.a(libc_a-memchr.o)
 .debug_info    0x00019ce5      0xb25 /usr/lib/gcc/arm-none-eabi/16.2.0/../../../../arm-none-eabi/lib/thumb/v7e-m/nofp/libg_nano.a(libc_a-makebuf.o)
 .debug_info    0x0001a80a      0x986 /usr/lib/gcc/arm-none-eabi/16.2.0/../../../../arm-none-eabi/lib/thumb/v7e-m/nofp/libg_nano.a(libc_a-fstatr.o)
 .debug_info    0x0001b190      0x762 /usr/lib/gcc/arm-none-eabi/16.2.0/../../../../arm-none-eabi/lib/thumb/v7e-m/nofp/libg_nano.a(libc_a-isattyr.o)

.debug_abbrev   0x00000000     0x5537
 .debug_abbrev  0x00000000      0x13e cmake/stm32cubemx/CMakeFiles/STM32_Drivers.dir/__/__/Src/system_stm32wlxx.c.obj
 .debug_abbrev  0x0000013e      0x32d cmake/stm32cubemx/CMakeFiles/STM32_Drivers.dir/__/__/Drivers/STM32WLxx_HAL_Driver/Src/stm32wlxx_hal_rcc.c.obj
 .debug_abbrev  0x0000046b      0x1e9 cmake/stm32cubemx/CMakeFiles/STM32_Drivers.dir/__/__/Drivers/STM32WLxx_HAL_Driver/Src/stm32wlxx_hal_gpio.c.obj
 .debug_abbrev  0x00000654      0x209 cmake/stm32cubemx/CMakeFiles/STM32_Drivers.dir/__/__/Drivers/STM32WLxx_HAL_Driver/Src/stm32wlxx_hal_pwr.c.obj
 .debug_abbrev  0x0000085d      0x302 cmake/stm32cubemx/CMakeFiles/STM32_Drivers.dir/__/__/Drivers/STM32WLxx_HAL_Driver/Src/stm32wlxx_hal_pwr_ex.c.obj
 .debug_abbrev  0x00000b5f      0x2e8 cmake/stm32cubemx/CMakeFiles/STM32_Drivers.dir/__/__/Drivers/STM32WLxx_HAL_Driver/Src/stm32wlxx_hal_cortex.c.obj
 .debug_abbrev  0x00000e47      0x344 cmake/stm32cubemx/CMakeFiles/STM32_Drivers.dir/__/__/Drivers/STM32WLxx_HAL_Driver/Src/stm32wlxx_hal.c.obj
 .debug_abbrev  0x0000118b      0x1cf cmake/stm32cubemx/CMakeFiles/STM32_Drivers.dir/__/__/Drivers/STM32WLxx_HAL_Driver/Src/stm32wlxx_hal_exti.c.obj
 .debug_abbrev  0x0000135a      0x356 cmake/stm32cubemx/CMakeFiles/STM32_Drivers.dir/__/__/Drivers/STM32WLxx_HAL_Driver/Src/stm32wlxx_hal_uart.c.obj
 .debug_abbrev  0x000016b0      0x338 cmake/stm32cubemx/CMakeFiles/STM32_Drivers.dir/__/__/Drivers/BSP/STM32WLxx_Nucleo/stm32wlxx_nucleo.c.obj
 .debug_abbrev  0x000019e8      0x2ae CMakeFiles/LoRaX.dir/Src/main.c.obj
 .debug_abbrev  0x00001c96       0xe6 CMakeFiles/LoRaX.dir/Src/stm32wlxx_it.c.obj
 .debug_abbrev  0x00001d7c       0x7e CMakeFiles/LoRaX.dir/Src/stm32wlxx_hal_msp.c.obj
 .debug_abbrev  0x00001dfa       0xbc CMakeFiles/LoRaX.dir/Src/sysmem.c.obj
 .debug_abbrev  0x00001eb6      0x1bc CMakeFiles/LoRaX.dir/Src/syscalls.c.obj
 .debug_abbrev  0x00002072       0x24 CMakeFiles/LoRaX.dir/startup_stm32wl55xx_cm4.s.obj
 .debug_abbrev  0x00002096       0x14 /usr/lib/gcc/arm-none-eabi/16.2.0/thumb/v7e-m/nofp/libgcc.a(_aeabi_uldivmod.o)
 .debug_abbrev  0x000020aa      0x170 /usr/lib/gcc/arm-none-eabi/16.2.0/thumb/v7e-m/nofp/libgcc.a(_udivmoddi4.o)
 .debug_abbrev  0x0000221a       0x26 /usr/lib/gcc/arm-none-eabi/16.2.0/thumb/v7e-m/nofp/libgcc.a(_dvmd_tls.o)
 .debug_abbrev  0x00002240      0x419 /usr/lib/gcc/arm-none-eabi/16.2.0/../../../../arm-none-eabi/lib/thumb/v7e-m/nofp/libg_nano.a(libc_a-findfp.o)
 .debug_abbrev  0x00002659      0x1a1 /usr/lib/gcc/arm-none-eabi/16.2.0/../../../../arm-none-eabi/lib/thumb/v7e-m/nofp/libg_nano.a(libc_a-fwalk.o)
 .debug_abbrev  0x000027fa      0x220 /usr/lib/gcc/arm-none-eabi/16.2.0/../../../../arm-none-eabi/lib/thumb/v7e-m/nofp/libg_nano.a(libc_a-printf.o)
 .debug_abbrev  0x00002a1a      0x227 /usr/lib/gcc/arm-none-eabi/16.2.0/../../../../arm-none-eabi/lib/thumb/v7e-m/nofp/libg_nano.a(libc_a-stdio.o)
 .debug_abbrev  0x00002c41       0xa4 /usr/lib/gcc/arm-none-eabi/16.2.0/../../../../arm-none-eabi/lib/thumb/v7e-m/nofp/libg_nano.a(libc_a-memset.o)
 .debug_abbrev  0x00002ce5      0x1b6 /usr/lib/gcc/arm-none-eabi/16.2.0/../../../../arm-none-eabi/lib/thumb/v7e-m/nofp/libg_nano.a(libc_a-closer.o)
 .debug_abbrev  0x00002e9b      0x1fd /usr/lib/gcc/arm-none-eabi/16.2.0/../../../../arm-none-eabi/lib/thumb/v7e-m/nofp/libg_nano.a(libc_a-reent.o)
 .debug_abbrev  0x00003098      0x14f /usr/lib/gcc/arm-none-eabi/16.2.0/../../../../arm-none-eabi/lib/thumb/v7e-m/nofp/libg_nano.a(libc_a-impure.o)
 .debug_abbrev  0x000031e7      0x1ca /usr/lib/gcc/arm-none-eabi/16.2.0/../../../../arm-none-eabi/lib/thumb/v7e-m/nofp/libg_nano.a(libc_a-lseekr.o)
 .debug_abbrev  0x000033b1      0x1b6 /usr/lib/gcc/arm-none-eabi/16.2.0/../../../../arm-none-eabi/lib/thumb/v7e-m/nofp/libg_nano.a(libc_a-readr.o)
 .debug_abbrev  0x00003567      0x1bb /usr/lib/gcc/arm-none-eabi/16.2.0/../../../../arm-none-eabi/lib/thumb/v7e-m/nofp/libg_nano.a(libc_a-writer.o)
 .debug_abbrev  0x00003722      0x164 /usr/lib/gcc/arm-none-eabi/16.2.0/../../../../arm-none-eabi/lib/thumb/v7e-m/nofp/libg_nano.a(libc_a-errno.o)
 .debug_abbrev  0x00003886       0xcf /usr/lib/gcc/arm-none-eabi/16.2.0/../../../../arm-none-eabi/lib/thumb/v7e-m/nofp/libg_nano.a(libc_a-init.o)
 .debug_abbrev  0x00003955      0x11b /usr/lib/gcc/arm-none-eabi/16.2.0/../../../../arm-none-eabi/lib/thumb/v7e-m/nofp/libg_nano.a(libc_a-lock.o)
 .debug_abbrev  0x00003a70      0x23a /usr/lib/gcc/arm-none-eabi/16.2.0/../../../../arm-none-eabi/lib/thumb/v7e-m/nofp/libg_nano.a(libc_a-freer.o)
 .debug_abbrev  0x00003caa      0x250 /usr/lib/gcc/arm-none-eabi/16.2.0/../../../../arm-none-eabi/lib/thumb/v7e-m/nofp/libg_nano.a(libc_a-mallocr.o)
 .debug_abbrev  0x00003efa      0x1c5 /usr/lib/gcc/arm-none-eabi/16.2.0/../../../../arm-none-eabi/lib/thumb/v7e-m/nofp/libg_nano.a(libc_a-mlock.o)
 .debug_abbrev  0x000040bf      0x31c /usr/lib/gcc/arm-none-eabi/16.2.0/../../../../arm-none-eabi/lib/thumb/v7e-m/nofp/libg_nano.a(libc_a-nano-vfprintf.o)
 .debug_abbrev  0x000043db      0x28f /usr/lib/gcc/arm-none-eabi/16.2.0/../../../../arm-none-eabi/lib/thumb/v7e-m/nofp/libg_nano.a(libc_a-nano-vfprintf_i.o)
 .debug_abbrev  0x0000466a      0x2ae /usr/lib/gcc/arm-none-eabi/16.2.0/../../../../arm-none-eabi/lib/thumb/v7e-m/nofp/libg_nano.a(libc_a-fflush.o)
 .debug_abbrev  0x00004918      0x233 /usr/lib/gcc/arm-none-eabi/16.2.0/../../../../arm-none-eabi/lib/thumb/v7e-m/nofp/libg_nano.a(libc_a-wbuf.o)
 .debug_abbrev  0x00004b4b      0x1e8 /usr/lib/gcc/arm-none-eabi/16.2.0/../../../../arm-none-eabi/lib/thumb/v7e-m/nofp/libg_nano.a(libc_a-wsetup.o)
 .debug_abbrev  0x00004d33      0x1e0 /usr/lib/gcc/arm-none-eabi/16.2.0/../../../../arm-none-eabi/lib/thumb/v7e-m/nofp/libg_nano.a(libc_a-sbrkr.o)
 .debug_abbrev  0x00004f13       0x14 /usr/lib/gcc/arm-none-eabi/16.2.0/../../../../arm-none-eabi/lib/thumb/v7e-m/nofp/libg_nano.a(libc_a-memchr.o)
 .debug_abbrev  0x00004f27      0x291 /usr/lib/gcc/arm-none-eabi/16.2.0/../../../../arm-none-eabi/lib/thumb/v7e-m/nofp/libg_nano.a(libc_a-makebuf.o)
 .debug_abbrev  0x000051b8      0x1c9 /usr/lib/gcc/arm-none-eabi/16.2.0/../../../../arm-none-eabi/lib/thumb/v7e-m/nofp/libg_nano.a(libc_a-fstatr.o)
 .debug_abbrev  0x00005381      0x1b6 /usr/lib/gcc/arm-none-eabi/16.2.0/../../../../arm-none-eabi/lib/thumb/v7e-m/nofp/libg_nano.a(libc_a-isattyr.o)

.debug_aranges  0x00000000     0x1328
 .debug_aranges
                0x00000000       0x28 cmake/stm32cubemx/CMakeFiles/STM32_Drivers.dir/__/__/Src/system_stm32wlxx.c.obj
 .debug_aranges
                0x00000028      0x230 cmake/stm32cubemx/CMakeFiles/STM32_Drivers.dir/__/__/Drivers/STM32WLxx_HAL_Driver/Src/stm32wlxx_hal_rcc.c.obj
 .debug_aranges
                0x00000258       0x60 cmake/stm32cubemx/CMakeFiles/STM32_Drivers.dir/__/__/Drivers/STM32WLxx_HAL_Driver/Src/stm32wlxx_hal_gpio.c.obj
 .debug_aranges
                0x000002b8       0xc8 cmake/stm32cubemx/CMakeFiles/STM32_Drivers.dir/__/__/Drivers/STM32WLxx_HAL_Driver/Src/stm32wlxx_hal_pwr.c.obj
 .debug_aranges
                0x00000380      0x200 cmake/stm32cubemx/CMakeFiles/STM32_Drivers.dir/__/__/Drivers/STM32WLxx_HAL_Driver/Src/stm32wlxx_hal_pwr_ex.c.obj
 .debug_aranges
                0x00000580      0x128 cmake/stm32cubemx/CMakeFiles/STM32_Drivers.dir/__/__/Drivers/STM32WLxx_HAL_Driver/Src/stm32wlxx_hal_cortex.c.obj
 .debug_aranges
                0x000006a8      0x240 cmake/stm32cubemx/CMakeFiles/STM32_Drivers.dir/__/__/Drivers/STM32WLxx_HAL_Driver/Src/stm32wlxx_hal.c.obj
 .debug_aranges
                0x000008e8       0x60 cmake/stm32cubemx/CMakeFiles/STM32_Drivers.dir/__/__/Drivers/STM32WLxx_HAL_Driver/Src/stm32wlxx_hal_exti.c.obj
 .debug_aranges
                0x00000948      0x258 cmake/stm32cubemx/CMakeFiles/STM32_Drivers.dir/__/__/Drivers/STM32WLxx_HAL_Driver/Src/stm32wlxx_hal_uart.c.obj
 .debug_aranges
                0x00000ba0       0xe0 cmake/stm32cubemx/CMakeFiles/STM32_Drivers.dir/__/__/Drivers/BSP/STM32WLxx_Nucleo/stm32wlxx_nucleo.c.obj
 .debug_aranges
                0x00000c80       0x48 CMakeFiles/LoRaX.dir/Src/main.c.obj
 .debug_aranges
                0x00000cc8       0x78 CMakeFiles/LoRaX.dir/Src/stm32wlxx_it.c.obj
 .debug_aranges
                0x00000d40       0x20 CMakeFiles/LoRaX.dir/Src/stm32wlxx_hal_msp.c.obj
 .debug_aranges
                0x00000d60       0x20 CMakeFiles/LoRaX.dir/Src/sysmem.c.obj
 .debug_aranges
                0x00000d80       0xa8 CMakeFiles/LoRaX.dir/Src/syscalls.c.obj
 .debug_aranges
                0x00000e28       0x28 CMakeFiles/LoRaX.dir/startup_stm32wl55xx_cm4.s.obj
 .debug_aranges
                0x00000e50       0x20 /usr/lib/gcc/arm-none-eabi/16.2.0/thumb/v7e-m/nofp/libgcc.a(_aeabi_uldivmod.o)
 .debug_aranges
                0x00000e70       0x20 /usr/lib/gcc/arm-none-eabi/16.2.0/thumb/v7e-m/nofp/libgcc.a(_udivmoddi4.o)
 .debug_aranges
                0x00000e90       0x20 /usr/lib/gcc/arm-none-eabi/16.2.0/thumb/v7e-m/nofp/libgcc.a(_dvmd_tls.o)
 .debug_aranges
                0x00000eb0       0x78 /usr/lib/gcc/arm-none-eabi/16.2.0/../../../../arm-none-eabi/lib/thumb/v7e-m/nofp/libg_nano.a(libc_a-findfp.o)
 .debug_aranges
                0x00000f28       0x20 /usr/lib/gcc/arm-none-eabi/16.2.0/../../../../arm-none-eabi/lib/thumb/v7e-m/nofp/libg_nano.a(libc_a-fwalk.o)
 .debug_aranges
                0x00000f48       0x28 /usr/lib/gcc/arm-none-eabi/16.2.0/../../../../arm-none-eabi/lib/thumb/v7e-m/nofp/libg_nano.a(libc_a-printf.o)
 .debug_aranges
                0x00000f70       0x40 /usr/lib/gcc/arm-none-eabi/16.2.0/../../../../arm-none-eabi/lib/thumb/v7e-m/nofp/libg_nano.a(libc_a-stdio.o)
 .debug_aranges
                0x00000fb0       0x20 /usr/lib/gcc/arm-none-eabi/16.2.0/../../../../arm-none-eabi/lib/thumb/v7e-m/nofp/libg_nano.a(libc_a-memset.o)
 .debug_aranges
                0x00000fd0       0x20 /usr/lib/gcc/arm-none-eabi/16.2.0/../../../../arm-none-eabi/lib/thumb/v7e-m/nofp/libg_nano.a(libc_a-closer.o)
 .debug_aranges
                0x00000ff0       0x20 /usr/lib/gcc/arm-none-eabi/16.2.0/../../../../arm-none-eabi/lib/thumb/v7e-m/nofp/libg_nano.a(libc_a-reent.o)
 .debug_aranges
                0x00001010       0x18 /usr/lib/gcc/arm-none-eabi/16.2.0/../../../../arm-none-eabi/lib/thumb/v7e-m/nofp/libg_nano.a(libc_a-impure.o)
 .debug_aranges
                0x00001028       0x20 /usr/lib/gcc/arm-none-eabi/16.2.0/../../../../arm-none-eabi/lib/thumb/v7e-m/nofp/libg_nano.a(libc_a-lseekr.o)
 .debug_aranges
                0x00001048       0x20 /usr/lib/gcc/arm-none-eabi/16.2.0/../../../../arm-none-eabi/lib/thumb/v7e-m/nofp/libg_nano.a(libc_a-readr.o)
 .debug_aranges
                0x00001068       0x20 /usr/lib/gcc/arm-none-eabi/16.2.0/../../../../arm-none-eabi/lib/thumb/v7e-m/nofp/libg_nano.a(libc_a-writer.o)
 .debug_aranges
                0x00001088       0x20 /usr/lib/gcc/arm-none-eabi/16.2.0/../../../../arm-none-eabi/lib/thumb/v7e-m/nofp/libg_nano.a(libc_a-errno.o)
 .debug_aranges
                0x000010a8       0x20 /usr/lib/gcc/arm-none-eabi/16.2.0/../../../../arm-none-eabi/lib/thumb/v7e-m/nofp/libg_nano.a(libc_a-init.o)
 .debug_aranges
                0x000010c8       0x68 /usr/lib/gcc/arm-none-eabi/16.2.0/../../../../arm-none-eabi/lib/thumb/v7e-m/nofp/libg_nano.a(libc_a-lock.o)
 .debug_aranges
                0x00001130       0x20 /usr/lib/gcc/arm-none-eabi/16.2.0/../../../../arm-none-eabi/lib/thumb/v7e-m/nofp/libg_nano.a(libc_a-freer.o)
 .debug_aranges
                0x00001150       0x28 /usr/lib/gcc/arm-none-eabi/16.2.0/../../../../arm-none-eabi/lib/thumb/v7e-m/nofp/libg_nano.a(libc_a-mallocr.o)
 .debug_aranges
                0x00001178       0x28 /usr/lib/gcc/arm-none-eabi/16.2.0/../../../../arm-none-eabi/lib/thumb/v7e-m/nofp/libg_nano.a(libc_a-mlock.o)
 .debug_aranges
                0x000011a0       0x40 /usr/lib/gcc/arm-none-eabi/16.2.0/../../../../arm-none-eabi/lib/thumb/v7e-m/nofp/libg_nano.a(libc_a-nano-vfprintf.o)
 .debug_aranges
                0x000011e0       0x28 /usr/lib/gcc/arm-none-eabi/16.2.0/../../../../arm-none-eabi/lib/thumb/v7e-m/nofp/libg_nano.a(libc_a-nano-vfprintf_i.o)
 .debug_aranges
                0x00001208       0x30 /usr/lib/gcc/arm-none-eabi/16.2.0/../../../../arm-none-eabi/lib/thumb/v7e-m/nofp/libg_nano.a(libc_a-fflush.o)
 .debug_aranges
                0x00001238       0x28 /usr/lib/gcc/arm-none-eabi/16.2.0/../../../../arm-none-eabi/lib/thumb/v7e-m/nofp/libg_nano.a(libc_a-wbuf.o)
 .debug_aranges
                0x00001260       0x20 /usr/lib/gcc/arm-none-eabi/16.2.0/../../../../arm-none-eabi/lib/thumb/v7e-m/nofp/libg_nano.a(libc_a-wsetup.o)
 .debug_aranges
                0x00001280       0x20 /usr/lib/gcc/arm-none-eabi/16.2.0/../../../../arm-none-eabi/lib/thumb/v7e-m/nofp/libg_nano.a(libc_a-sbrkr.o)
 .debug_aranges
                0x000012a0       0x20 /usr/lib/gcc/arm-none-eabi/16.2.0/../../../../arm-none-eabi/lib/thumb/v7e-m/nofp/libg_nano.a(libc_a-memchr.o)
 .debug_aranges
                0x000012c0       0x28 /usr/lib/gcc/arm-none-eabi/16.2.0/../../../../arm-none-eabi/lib/thumb/v7e-m/nofp/libg_nano.a(libc_a-makebuf.o)
 .debug_aranges
                0x000012e8       0x20 /usr/lib/gcc/arm-none-eabi/16.2.0/../../../../arm-none-eabi/lib/thumb/v7e-m/nofp/libg_nano.a(libc_a-fstatr.o)
 .debug_aranges
                0x00001308       0x20 /usr/lib/gcc/arm-none-eabi/16.2.0/../../../../arm-none-eabi/lib/thumb/v7e-m/nofp/libg_nano.a(libc_a-isattyr.o)

.debug_rnglists
                0x00000000      0xec1
 .debug_rnglists
                0x00000000       0x1a cmake/stm32cubemx/CMakeFiles/STM32_Drivers.dir/__/__/Src/system_stm32wlxx.c.obj
 .debug_rnglists
                0x0000001a      0x1a6 cmake/stm32cubemx/CMakeFiles/STM32_Drivers.dir/__/__/Drivers/STM32WLxx_HAL_Driver/Src/stm32wlxx_hal_rcc.c.obj
 .debug_rnglists
                0x000001c0       0x45 cmake/stm32cubemx/CMakeFiles/STM32_Drivers.dir/__/__/Drivers/STM32WLxx_HAL_Driver/Src/stm32wlxx_hal_gpio.c.obj
 .debug_rnglists
                0x00000205       0x91 cmake/stm32cubemx/CMakeFiles/STM32_Drivers.dir/__/__/Drivers/STM32WLxx_HAL_Driver/Src/stm32wlxx_hal_pwr.c.obj
 .debug_rnglists
                0x00000296      0x180 cmake/stm32cubemx/CMakeFiles/STM32_Drivers.dir/__/__/Drivers/STM32WLxx_HAL_Driver/Src/stm32wlxx_hal_pwr_ex.c.obj
 .debug_rnglists
                0x00000416       0xd9 cmake/stm32cubemx/CMakeFiles/STM32_Drivers.dir/__/__/Drivers/STM32WLxx_HAL_Driver/Src/stm32wlxx_hal_cortex.c.obj
 .debug_rnglists
                0x000004ef      0x1ab cmake/stm32cubemx/CMakeFiles/STM32_Drivers.dir/__/__/Drivers/STM32WLxx_HAL_Driver/Src/stm32wlxx_hal.c.obj
 .debug_rnglists
                0x0000069a       0x46 cmake/stm32cubemx/CMakeFiles/STM32_Drivers.dir/__/__/Drivers/STM32WLxx_HAL_Driver/Src/stm32wlxx_hal_exti.c.obj
 .debug_rnglists
                0x000006e0      0x203 cmake/stm32cubemx/CMakeFiles/STM32_Drivers.dir/__/__/Drivers/STM32WLxx_HAL_Driver/Src/stm32wlxx_hal_uart.c.obj
 .debug_rnglists
                0x000008e3       0xa4 cmake/stm32cubemx/CMakeFiles/STM32_Drivers.dir/__/__/Drivers/BSP/STM32WLxx_Nucleo/stm32wlxx_nucleo.c.obj
 .debug_rnglists
                0x00000987       0x33 CMakeFiles/LoRaX.dir/Src/main.c.obj
 .debug_rnglists
                0x000009ba       0x55 CMakeFiles/LoRaX.dir/Src/stm32wlxx_it.c.obj
 .debug_rnglists
                0x00000a0f       0x13 CMakeFiles/LoRaX.dir/Src/stm32wlxx_hal_msp.c.obj
 .debug_rnglists
                0x00000a22       0x13 CMakeFiles/LoRaX.dir/Src/sysmem.c.obj
 .debug_rnglists
                0x00000a35       0x79 CMakeFiles/LoRaX.dir/Src/syscalls.c.obj
 .debug_rnglists
                0x00000aae       0x19 CMakeFiles/LoRaX.dir/startup_stm32wl55xx_cm4.s.obj
 .debug_rnglists
                0x00000ac7       0x6d /usr/lib/gcc/arm-none-eabi/16.2.0/thumb/v7e-m/nofp/libgcc.a(_udivmoddi4.o)
 .debug_rnglists
                0x00000b34       0x6e /usr/lib/gcc/arm-none-eabi/16.2.0/../../../../arm-none-eabi/lib/thumb/v7e-m/nofp/libg_nano.a(libc_a-findfp.o)
 .debug_rnglists
                0x00000ba2       0x13 /usr/lib/gcc/arm-none-eabi/16.2.0/../../../../arm-none-eabi/lib/thumb/v7e-m/nofp/libg_nano.a(libc_a-fwalk.o)
 .debug_rnglists
                0x00000bb5       0x19 /usr/lib/gcc/arm-none-eabi/16.2.0/../../../../arm-none-eabi/lib/thumb/v7e-m/nofp/libg_nano.a(libc_a-printf.o)
 .debug_rnglists
                0x00000bce       0x2b /usr/lib/gcc/arm-none-eabi/16.2.0/../../../../arm-none-eabi/lib/thumb/v7e-m/nofp/libg_nano.a(libc_a-stdio.o)
 .debug_rnglists
                0x00000bf9       0x13 /usr/lib/gcc/arm-none-eabi/16.2.0/../../../../arm-none-eabi/lib/thumb/v7e-m/nofp/libg_nano.a(libc_a-memset.o)
 .debug_rnglists
                0x00000c0c       0x13 /usr/lib/gcc/arm-none-eabi/16.2.0/../../../../arm-none-eabi/lib/thumb/v7e-m/nofp/libg_nano.a(libc_a-closer.o)
 .debug_rnglists
                0x00000c1f       0x2c /usr/lib/gcc/arm-none-eabi/16.2.0/../../../../arm-none-eabi/lib/thumb/v7e-m/nofp/libg_nano.a(libc_a-reent.o)
 .debug_rnglists
                0x00000c4b       0x13 /usr/lib/gcc/arm-none-eabi/16.2.0/../../../../arm-none-eabi/lib/thumb/v7e-m/nofp/libg_nano.a(libc_a-lseekr.o)
 .debug_rnglists
                0x00000c5e       0x13 /usr/lib/gcc/arm-none-eabi/16.2.0/../../../../arm-none-eabi/lib/thumb/v7e-m/nofp/libg_nano.a(libc_a-readr.o)
 .debug_rnglists
                0x00000c71       0x13 /usr/lib/gcc/arm-none-eabi/16.2.0/../../../../arm-none-eabi/lib/thumb/v7e-m/nofp/libg_nano.a(libc_a-writer.o)
 .debug_rnglists
                0x00000c84       0x13 /usr/lib/gcc/arm-none-eabi/16.2.0/../../../../arm-none-eabi/lib/thumb/v7e-m/nofp/libg_nano.a(libc_a-errno.o)
 .debug_rnglists
                0x00000c97       0x13 /usr/lib/gcc/arm-none-eabi/16.2.0/../../../../arm-none-eabi/lib/thumb/v7e-m/nofp/libg_nano.a(libc_a-init.o)
 .debug_rnglists
                0x00000caa       0x49 /usr/lib/gcc/arm-none-eabi/16.2.0/../../../../arm-none-eabi/lib/thumb/v7e-m/nofp/libg_nano.a(libc_a-lock.o)
 .debug_rnglists
                0x00000cf3       0x20 /usr/lib/gcc/arm-none-eabi/16.2.0/../../../../arm-none-eabi/lib/thumb/v7e-m/nofp/libg_nano.a(libc_a-freer.o)
 .debug_rnglists
                0x00000d13       0x2c /usr/lib/gcc/arm-none-eabi/16.2.0/../../../../arm-none-eabi/lib/thumb/v7e-m/nofp/libg_nano.a(libc_a-mallocr.o)
 .debug_rnglists
                0x00000d3f       0x19 /usr/lib/gcc/arm-none-eabi/16.2.0/../../../../arm-none-eabi/lib/thumb/v7e-m/nofp/libg_nano.a(libc_a-mlock.o)
 .debug_rnglists
                0x00000d58       0x38 /usr/lib/gcc/arm-none-eabi/16.2.0/../../../../arm-none-eabi/lib/thumb/v7e-m/nofp/libg_nano.a(libc_a-nano-vfprintf.o)
 .debug_rnglists
                0x00000d90       0x59 /usr/lib/gcc/arm-none-eabi/16.2.0/../../../../arm-none-eabi/lib/thumb/v7e-m/nofp/libg_nano.a(libc_a-nano-vfprintf_i.o)
 .debug_rnglists
                0x00000de9       0x3b /usr/lib/gcc/arm-none-eabi/16.2.0/../../../../arm-none-eabi/lib/thumb/v7e-m/nofp/libg_nano.a(libc_a-fflush.o)
 .debug_rnglists
                0x00000e24       0x25 /usr/lib/gcc/arm-none-eabi/16.2.0/../../../../arm-none-eabi/lib/thumb/v7e-m/nofp/libg_nano.a(libc_a-wbuf.o)
 .debug_rnglists
                0x00000e49       0x26 /usr/lib/gcc/arm-none-eabi/16.2.0/../../../../arm-none-eabi/lib/thumb/v7e-m/nofp/libg_nano.a(libc_a-wsetup.o)
 .debug_rnglists
                0x00000e6f       0x13 /usr/lib/gcc/arm-none-eabi/16.2.0/../../../../arm-none-eabi/lib/thumb/v7e-m/nofp/libg_nano.a(libc_a-sbrkr.o)
 .debug_rnglists
                0x00000e82       0x19 /usr/lib/gcc/arm-none-eabi/16.2.0/../../../../arm-none-eabi/lib/thumb/v7e-m/nofp/libg_nano.a(libc_a-makebuf.o)
 .debug_rnglists
                0x00000e9b       0x13 /usr/lib/gcc/arm-none-eabi/16.2.0/../../../../arm-none-eabi/lib/thumb/v7e-m/nofp/libg_nano.a(libc_a-fstatr.o)
 .debug_rnglists
                0x00000eae       0x13 /usr/lib/gcc/arm-none-eabi/16.2.0/../../../../arm-none-eabi/lib/thumb/v7e-m/nofp/libg_nano.a(libc_a-isattyr.o)

.debug_macro    0x00000000    0x19e29
 .debug_macro   0x00000000      0x1fc cmake/stm32cubemx/CMakeFiles/STM32_Drivers.dir/__/__/Src/system_stm32wlxx.c.obj
 .debug_macro   0x000001fc      0xaf0 cmake/stm32cubemx/CMakeFiles/STM32_Drivers.dir/__/__/Src/system_stm32wlxx.c.obj
 .debug_macro   0x00000cec       0x2e cmake/stm32cubemx/CMakeFiles/STM32_Drivers.dir/__/__/Src/system_stm32wlxx.c.obj
 .debug_macro   0x00000d1a       0x3a cmake/stm32cubemx/CMakeFiles/STM32_Drivers.dir/__/__/Src/system_stm32wlxx.c.obj
 .debug_macro   0x00000d54       0x22 cmake/stm32cubemx/CMakeFiles/STM32_Drivers.dir/__/__/Src/system_stm32wlxx.c.obj
 .debug_macro   0x00000d76       0x8e cmake/stm32cubemx/CMakeFiles/STM32_Drivers.dir/__/__/Src/system_stm32wlxx.c.obj
 .debug_macro   0x00000e04       0x51 cmake/stm32cubemx/CMakeFiles/STM32_Drivers.dir/__/__/Src/system_stm32wlxx.c.obj
 .debug_macro   0x00000e55      0x103 cmake/stm32cubemx/CMakeFiles/STM32_Drivers.dir/__/__/Src/system_stm32wlxx.c.obj
 .debug_macro   0x00000f58       0x6a cmake/stm32cubemx/CMakeFiles/STM32_Drivers.dir/__/__/Src/system_stm32wlxx.c.obj
 .debug_macro   0x00000fc2      0x1df cmake/stm32cubemx/CMakeFiles/STM32_Drivers.dir/__/__/Src/system_stm32wlxx.c.obj
 .debug_macro   0x000011a1       0x1c cmake/stm32cubemx/CMakeFiles/STM32_Drivers.dir/__/__/Src/system_stm32wlxx.c.obj
 .debug_macro   0x000011bd       0x22 cmake/stm32cubemx/CMakeFiles/STM32_Drivers.dir/__/__/Src/system_stm32wlxx.c.obj
 .debug_macro   0x000011df       0xfb cmake/stm32cubemx/CMakeFiles/STM32_Drivers.dir/__/__/Src/system_stm32wlxx.c.obj
 .debug_macro   0x000012da     0x1011 cmake/stm32cubemx/CMakeFiles/STM32_Drivers.dir/__/__/Src/system_stm32wlxx.c.obj
 .debug_macro   0x000022eb      0x11f cmake/stm32cubemx/CMakeFiles/STM32_Drivers.dir/__/__/Src/system_stm32wlxx.c.obj